 Balancing_Logic_sfun

 Timestamp is 635104bb (Thu Oct 20 16:20:11 2022)

 Preferred load address is 0000000180000000

 Start         Length     Name                   Class
 0001:00000000 00014980H .text$mn                CODE
 0001:00014980 00000036H .text$mn$00             CODE
 0001:000149b6 00000092H .text$x                 CODE
 0002:00000000 000004d0H .idata$5                DATA
 0002:000004d0 00000028H .00cfg                  DATA
 0002:000004f8 00000008H .CRT$XCA                DATA
 0002:00000500 00000008H .CRT$XCZ                DATA
 0002:00000508 00000008H .CRT$XIA                DATA
 0002:00000510 00000008H .CRT$XIZ                DATA
 0002:00000518 00000008H .CRT$XPA                DATA
 0002:00000520 00000008H .CRT$XPZ                DATA
 0002:00000528 00000008H .CRT$XTA                DATA
 0002:00000530 00000010H .CRT$XTZ                DATA
 0002:00000538 00000000H .gehcont$y              DATA
 0002:00000538 00000000H .gfids$y                DATA
 0002:00000540 000003c0H .rdata                  DATA
 0002:00000900 00000008H .rdata$CastGuardVftablesA DATA
 0002:00000908 00000008H .rdata$CastGuardVftablesC DATA
 0002:00000910 00000118H .rdata$voltmd           DATA
 0002:00000a28 00000278H .rdata$zzzdbg           DATA
 0002:00000ca0 00000008H .rtc$IAA                DATA
 0002:00000ca8 00000008H .rtc$IZZ                DATA
 0002:00000cb0 00000008H .rtc$TAA                DATA
 0002:00000cb8 00000008H .rtc$TZZ                DATA
 0002:00000cc0 00000ac0H .xdata                  DATA
 0002:00001780 00000080H .edata                  DATA
 0002:00001800 000000f0H .idata$2                DATA
 0002:000018f0 00000018H .idata$3                DATA
 0002:00001908 000004d0H .idata$4                DATA
 0002:00001dd8 00000dd0H .idata$6                DATA
 0003:00000000 00003d70H .data                   DATA
 0003:00003d70 00000f40H .bss                    DATA
 0004:00000000 00000d14H .pdata                  DATA

  Address         Publics by Value              Rva+Base               Lib:Object

 0000:00000000       __guard_check_icall_a64n_fptr 0000000000000000     <absolute>
 0000:00000000       __guard_longjmp_count      0000000000000000     <absolute>
 0000:00000000       __guard_iat_count          0000000000000000     <absolute>
 0000:00000000       __hybrid_auxiliary_iat     0000000000000000     <absolute>
 0000:00000000       __hybrid_auxiliary_iat_copy 0000000000000000     <absolute>
 0000:00000000       __guard_iat_table          0000000000000000     <absolute>
 0000:00000000       __arm64x_redirection_metadata 0000000000000000     <absolute>
 0000:00000000       __x64_code_ranges_to_entry_points_count 0000000000000000     <absolute>
 0000:00000000       ___safe_se_handler_table   0000000000000000     <absolute>
 0000:00000000       __AbsoluteZero             0000000000000000     <absolute>
 0000:00000000       __dynamic_value_reloc_table 0000000000000000     <absolute>
 0000:00000000       __guard_fids_table         0000000000000000     <absolute>
 0000:00000000       __guard_longjmp_table      0000000000000000     <absolute>
 0000:00000000       __hybrid_code_map_count    0000000000000000     <absolute>
 0000:00000000       __x64_code_ranges_to_entry_points 0000000000000000     <absolute>
 0000:00000000       __guard_eh_cont_count      0000000000000000     <absolute>
 0000:00000000       __guard_fids_count         0000000000000000     <absolute>
 0000:00000000       __arm64x_extra_rfe_table   0000000000000000     <absolute>
 0000:00000000       __hybrid_code_map          0000000000000000     <absolute>
 0000:00000000       __arm64x_redirection_metadata_count 0000000000000000     <absolute>
 0000:00000000       __enclave_config           0000000000000000     <absolute>
 0000:00000000       __arm64x_extra_rfe_table_size 0000000000000000     <absolute>
 0000:00000000       ___safe_se_handler_count   0000000000000000     <absolute>
 0000:00000000       __guard_eh_cont_table      0000000000000000     <absolute>
 0000:00000000       __arm64x_native_entrypoint 0000000000000000     <absolute>
 0000:00000100       __guard_flags              0000000000000100     <absolute>
 0000:00000000       __ImageBase                0000000180000000     <linker-defined>
 0001:00000000       Balancing_Logic_initializer 0000000180001000 f   Balancing_Logic_sfun.obj
 0001:00000010       Balancing_Logic_terminator 0000000180001010 f   Balancing_Logic_sfun.obj
 0001:00000020       load_Balancing_Logic_optimization_info 0000000180001020 f   Balancing_Logic_sfun.obj
 0001:000000d0       unload_Balancing_Logic_optimization_info 00000001800010d0 f   Balancing_Logic_sfun.obj
 0001:00000100       sf_Balancing_Logic_method_dispatcher 0000000180001100 f   Balancing_Logic_sfun.obj
 0001:00000150       sf_Balancing_Logic_process_check_sum_call 0000000180001150 f   Balancing_Logic_sfun.obj
 0001:00000640       sf_Balancing_Logic_get_eml_resolved_functions_info 0000000180001640 f   Balancing_Logic_sfun.obj
 0001:00000820       sf_Balancing_Logic_third_party_uses_info 0000000180001820 f   Balancing_Logic_sfun.obj
 0001:000009f0       sf_Balancing_Logic_jit_fallback_info 00000001800019f0 f   Balancing_Logic_sfun.obj
 0001:00000bc0       sf_Balancing_Logic_get_post_codegen_info 0000000180001bc0 f   Balancing_Logic_sfun.obj
 0001:00000da0       sf_Balancing_Logic_updateBuildInfo_args_info 0000000180001da0 f   Balancing_Logic_sfun.obj
 0001:00000f70       Balancing_Logic_register_exported_symbols 0000000180001f70 f   Balancing_Logic_sfun.obj
 0001:00000f80       sf_c1_Balancing_Logic_get_eml_resolved_functions_info 0000000180001f80 f   c1_Balancing_Logic.obj
 0001:00001020       sf_c1_Balancing_Logic_getDebuggerHoverDataFor 0000000180002020 f   c1_Balancing_Logic.obj
 0001:00001230       sf_c1_Balancing_Logic_get_check_sum 0000000180002230 f   c1_Balancing_Logic.obj
 0001:00001300       c1_Balancing_Logic_method_dispatcher 0000000180002300 f   c1_Balancing_Logic.obj
 0001:00007b40       sf_c1_Balancing_Logic_third_party_uses_info 0000000180008b40 f   c1_Balancing_Logic.obj
 0001:00007b70       sf_c1_Balancing_Logic_jit_fallback_info 0000000180008b70 f   c1_Balancing_Logic.obj
 0001:00007d00       sf_c1_Balancing_Logic_updateBuildInfo_args_info 0000000180008d00 f   c1_Balancing_Logic.obj
 0001:000080f0       sf_c1_Balancing_Logic_get_post_codegen_info 00000001800090f0 f   c1_Balancing_Logic.obj
 0001:000086d0       mexFunction                00000001800096d0 f   Balancing_Logic_sfun_registry.obj
 0001:0000afa0       _ssSetInputPortDirectFeedThroughFcn 000000018000bfa0 f   Balancing_Logic_sfun_registry.obj
 0001:0000b110       _ssSetRWorkValueFcn        000000018000c110 f   Balancing_Logic_sfun_registry.obj
 0001:0000b190       _ssGetRWorkValueFcn        000000018000c190 f   Balancing_Logic_sfun_registry.obj
 0001:0000b200       _ssSetIWorkValueFcn        000000018000c200 f   Balancing_Logic_sfun_registry.obj
 0001:0000b280       _ssGetIWorkValueFcn        000000018000c280 f   Balancing_Logic_sfun_registry.obj
 0001:0000b2f0       _ssSetPWorkValueFcn        000000018000c2f0 f   Balancing_Logic_sfun_registry.obj
 0001:0000b370       _ssGetPWorkValueFcn        000000018000c370 f   Balancing_Logic_sfun_registry.obj
 0001:0000b3e0       _ssGetInputPortSignalFcn   000000018000c3e0 f   Balancing_Logic_sfun_registry.obj
 0001:0000b770       _ssGetInputPortBufferDstPortFcn 000000018000c770 f   Balancing_Logic_sfun_registry.obj
 0001:0000b7f0       _ssGetInputPortSignalPtrsFcn 000000018000c7f0 f   Balancing_Logic_sfun_registry.obj
 0001:0000bb80       ssGetParameterTuningCompliance 000000018000cb80 f   Balancing_Logic_sfun_registry.obj
 0001:0000bbf0       _ssReadInputStringFcn      000000018000cbf0 f   Balancing_Logic_sfun_registry.obj
 0001:0000bc60       ssGetDTypeIdFromMxArray    000000018000cc60 f   Balancing_Logic_sfun_registry.obj
 0001:0000bd80       ssWriteRTWMx2dMatParam     000000018000cd80 f   Balancing_Logic_sfun_registry.obj
 0001:0000be10       ssWriteRTWMxVectParam      000000018000ce10 f   Balancing_Logic_sfun_registry.obj
 0001:0000be90       ssWriteRTWParameters       000000018000ce90 f   Balancing_Logic_sfun_registry.obj
 0001:0000c450       ssWriteRTWParamSettings    000000018000d450 f   Balancing_Logic_sfun_registry.obj
 0001:0000cb40       ssWriteRTWStr              000000018000db40 f   Balancing_Logic_sfun_registry.obj
 0001:0000cba0       ssWriteRTWWorkVect         000000018000dba0 f   Balancing_Logic_sfun_registry.obj
 0001:0000d100       ssWarning                  000000018000e100 f   Balancing_Logic_sfun_registry.obj
 0001:0000d1f0       ssWriteRTWNameValuePair    000000018000e1f0 f   Balancing_Logic_sfun_registry.obj
 0001:0000d6f0       _ssSetInputPortMatrixDimensions 000000018000e6f0 f   Balancing_Logic_sfun_registry.obj
 0001:0000d840       _ssSetOutputPortMatrixDimensions 000000018000e840 f   Balancing_Logic_sfun_registry.obj
 0001:0000d990       _ssSetInputPortVectorDimension 000000018000e990 f   Balancing_Logic_sfun_registry.obj
 0001:0000da40       _ssSetOutputPortVectorDimension 000000018000ea40 f   Balancing_Logic_sfun_registry.obj
 0001:0000daf0       ssIsRunTimeParamTunable    000000018000eaf0 f   Balancing_Logic_sfun_registry.obj
 0001:0000db60       ssGetSFuncBlockHandle      000000018000eb60 f   Balancing_Logic_sfun_registry.obj
 0001:0000dbd0       _ssGetCallSystemNumFcnCallDestinations 000000018000ebd0 f   Balancing_Logic_sfun_registry.obj
 0001:0000dc40       _ssGetCurrentInputPortWidth 000000018000ec40 f   Balancing_Logic_sfun_registry.obj
 0001:0000dd80       _ssGetCurrentOutputPortWidth 000000018000ed80 f   Balancing_Logic_sfun_registry.obj
 0001:0000dec0       ssGetIsZeroCrossControlDisabled 000000018000eec0 f   Balancing_Logic_sfun_registry.obj
 0001:0000df30       ssSetIsInputPortUsedForContZcSignal 000000018000ef30 f   Balancing_Logic_sfun_registry.obj
 0001:0000dfa0       ssSetZcSignalIsZcElementDisc 000000018000efa0 f   Balancing_Logic_sfun_registry.obj
 0001:0000e050       ssSetZcSignalName          000000018000f050 f   Balancing_Logic_sfun_registry.obj
 0001:0000e0c0       ssSetZcSignalWidth         000000018000f0c0 f   Balancing_Logic_sfun_registry.obj
 0001:0000e130       ssSetZcSignalZcEventType   000000018000f130 f   Balancing_Logic_sfun_registry.obj
 0001:0000e1a0       ssSetZcSignalType          000000018000f1a0 f   Balancing_Logic_sfun_registry.obj
 0001:0000e210       ssSetZcSignalZcTol         000000018000f210 f   Balancing_Logic_sfun_registry.obj
 0001:0000e280       ssSetZcSignalNeedsEventNotification 000000018000f280 f   Balancing_Logic_sfun_registry.obj
 0001:0000e2f0       ssCreateAndAddZcSignalInfo 000000018000f2f0 f   Balancing_Logic_sfun_registry.obj
 0001:0000e360       ssCloneAndAddZcSignalInfo  000000018000f360 f   Balancing_Logic_sfun_registry.obj
 0001:0000e3d0       ssGetNumZcSignals          000000018000f3d0 f   Balancing_Logic_sfun_registry.obj
 0001:0000e440       ssGetZcSignalVector        000000018000f440 f   Balancing_Logic_sfun_registry.obj
 0001:0000e4b0       ssGetZcSignalName          000000018000f4b0 f   Balancing_Logic_sfun_registry.obj
 0001:0000e520       ssGetZcSignalWidth         000000018000f520 f   Balancing_Logic_sfun_registry.obj
 0001:0000e590       ssGetZcSignalZcEventType   000000018000f590 f   Balancing_Logic_sfun_registry.obj
 0001:0000e600       ssGetZcSignalZcEvents      000000018000f600 f   Balancing_Logic_sfun_registry.obj
 0001:0000e670       ssGetZcSignalType          000000018000f670 f   Balancing_Logic_sfun_registry.obj
 0001:0000e6e0       ssGetZcSignalZcTol         000000018000f6e0 f   Balancing_Logic_sfun_registry.obj
 0001:0000e760       ssGetZcSignalNeedsEventNotification 000000018000f760 f   Balancing_Logic_sfun_registry.obj
 0001:0000e7d0       ssGetZcSignalIsZcElementDisc 000000018000f7d0 f   Balancing_Logic_sfun_registry.obj
 0001:0000e870       ssGetIsInputPortElementContinuous 000000018000f870 f   Balancing_Logic_sfun_registry.obj
 0001:0000e910       _ssGetAbsTol               000000018000f910 f   Balancing_Logic_sfun_registry.obj
 0001:0000e980       _ssSetStateAbsTol          000000018000f980 f   Balancing_Logic_sfun_registry.obj
 0001:0000ea60       _ssSetInputPortReusableFcn 000000018000fa60 f   Balancing_Logic_sfun_registry.obj
 0001:0000eb60       _ssSetOutputPortReusableFcn 000000018000fb60 f   Balancing_Logic_sfun_registry.obj
 0001:0000ec60       _ssSetSymbolicDimsSupport  000000018000fc60 f   Balancing_Logic_sfun_registry.obj
 0001:0000ecd0       _ssRegisterSymbolicDimsExpr 000000018000fcd0 f   Balancing_Logic_sfun_registry.obj
 0001:0000ed50       _ssRegisterSymbolicDimsMATLABExpr 000000018000fd50 f   Balancing_Logic_sfun_registry.obj
 0001:0000edf0       _ssRegisterSymbolicDims    000000018000fdf0 f   Balancing_Logic_sfun_registry.obj
 0001:0000ee90       _ssRegisterSymbolicDimsString 000000018000fe90 f   Balancing_Logic_sfun_registry.obj
 0001:0000ef10       _ssRegisterSymbolicDimsIntValue 000000018000ff10 f   Balancing_Logic_sfun_registry.obj
 0001:0000ef80       _ssRegisterSymbolicEqualRelation 000000018000ff80 f   Balancing_Logic_sfun_registry.obj
 0001:0000eff0       _ssRegisterSymbolicEqualValue 000000018000fff0 f   Balancing_Logic_sfun_registry.obj
 0001:0000f060       _ssAmendLeadingSymbolicDims 0000000180010060 f   Balancing_Logic_sfun_registry.obj
 0001:0000f0e0       _ssAmendTrailingSymbolicDims 00000001800100e0 f   Balancing_Logic_sfun_registry.obj
 0001:0000f160       _ssRegisterSymbolicDimsPlus 0000000180010160 f   Balancing_Logic_sfun_registry.obj
 0001:0000f1e0       _ssRegisterSymbolicDimsMinus 00000001800101e0 f   Balancing_Logic_sfun_registry.obj
 0001:0000f260       _ssRegisterSymbolicDimsMultiply 0000000180010260 f   Balancing_Logic_sfun_registry.obj
 0001:0000f2e0       _ssRegisterSymbolicDimsDivide 00000001800102e0 f   Balancing_Logic_sfun_registry.obj
 0001:0000f360       _ssGetNumSymbolicDims      0000000180010360 f   Balancing_Logic_sfun_registry.obj
 0001:0000f3d0       _ssGetSymbolicDim          00000001800103d0 f   Balancing_Logic_sfun_registry.obj
 0001:0000f450       _ssSetInputPortSymbolicDimsId 0000000180010450 f   Balancing_Logic_sfun_registry.obj
 0001:0000f4c0       _ssGetCompInputPortSymbolicDimsId 00000001800104c0 f   Balancing_Logic_sfun_registry.obj
 0001:0000f530       _ssSetCompInputPortSymbolicDimsId 0000000180010530 f   Balancing_Logic_sfun_registry.obj
 0001:0000f5a0       _ssSetOutputPortSymbolicDimsId 00000001800105a0 f   Balancing_Logic_sfun_registry.obj
 0001:0000f610       _ssGetCompOutputPortSymbolicDimsId 0000000180010610 f   Balancing_Logic_sfun_registry.obj
 0001:0000f680       _ssSetCompOutputPortSymbolicDimsId 0000000180010680 f   Balancing_Logic_sfun_registry.obj
 0001:0000f6f0       _ssGetDWorkSymbolicDimsId  00000001800106f0 f   Balancing_Logic_sfun_registry.obj
 0001:0000f760       _ssSetDWorkSymbolicDimsId  0000000180010760 f   Balancing_Logic_sfun_registry.obj
 0001:0000f7d0       _ssGetCompDWorkSymbolicDimsId 00000001800107d0 f   Balancing_Logic_sfun_registry.obj
 0001:0000f840       _ssSetCompDWorkSymbolicDimsId 0000000180010840 f   Balancing_Logic_sfun_registry.obj
 0001:0000f8b0       _ssCreateSLCGStringBuffer  00000001800108b0 f   Balancing_Logic_sfun_registry.obj
 0001:0000f920       _ssAddToSLCGStringBuffer   0000000180010920 f   Balancing_Logic_sfun_registry.obj
 0001:0000f990       _ssGetPointerContainedData 0000000180010990 f   Balancing_Logic_sfun_registry.obj
 0001:0000fa20       _ssGetPointerContainedDataWidth 0000000180010a20 f   Balancing_Logic_sfun_registry.obj
 0001:0000fab0       _ssRegisterDynamicArrayDataTypeFcn 0000000180010ab0 f   Balancing_Logic_sfun_registry.obj
 0001:0000fb50       _ssGetDynamicArrayContainedDataCurrentWidthFcn 0000000180010b50 f   Balancing_Logic_sfun_registry.obj
 0001:0000fc20       _ssGetDynamicArrayContainedDataFcn 0000000180010c20 f   Balancing_Logic_sfun_registry.obj
 0001:0000fcf0       _ssGetInputPortDynamicArrayDataFcn 0000000180010cf0 f   Balancing_Logic_sfun_registry.obj
 0001:0000fdb0       _ssGetOutputPortDynamicArrayDataFcn 0000000180010db0 f   Balancing_Logic_sfun_registry.obj
 0001:0000fe70       _ssGetInputPortDynamicArrayContainedDataFcn 0000000180010e70 f   Balancing_Logic_sfun_registry.obj
 0001:0000ff30       _ssGetOutputPortDynamicArrayContainedDataFcn 0000000180010f30 f   Balancing_Logic_sfun_registry.obj
 0001:0000fff0       sf_process_check_sum_call  0000000180010ff0 f   Balancing_Logic_sfun_registry.obj
 0001:00010040       sf_process_get_third_party_uses_info_call 0000000180011040 f   Balancing_Logic_sfun_registry.obj
 0001:00010270       sf_process_get_jit_fallback_info_call 0000000180011270 f   Balancing_Logic_sfun_registry.obj
 0001:000104a0       sf_process_get_post_codegen_info_call 00000001800114a0 f   Balancing_Logic_sfun_registry.obj
 0001:000106d0       sf_process_get_updateBuildInfo_args_info_call 00000001800116d0 f   Balancing_Logic_sfun_registry.obj
 0001:00010900       sf_process_get_eml_resolved_functions_info_call 0000000180011900 f   Balancing_Logic_sfun_registry.obj
 0001:00010b30       sf_mex_unlock_call         0000000180011b30 f   Balancing_Logic_sfun_registry.obj
 0001:00010d50       sf_machine_global_initializer_called 0000000180011d50 f   Balancing_Logic_sfun_registry.obj
 0001:00010d80       sf_machine_global_method_dispatcher 0000000180011d80 f   Balancing_Logic_sfun_registry.obj
 0001:00010de0       sf_machine_global_terminator 0000000180011de0 f   Balancing_Logic_sfun_registry.obj
 0001:00010e10       sf_register_machine_exported_symbols 0000000180011e10 f   Balancing_Logic_sfun_registry.obj
 0001:00010e30       callCustomFcn              0000000180011e30 f   Balancing_Logic_sfun_registry.obj
 0001:00010e40       sf_machine_global_initializer 0000000180011e40 f   Balancing_Logic_sfun_registry.obj
 0001:00010eb0       mdlGetSimState             0000000180011eb0 f   Balancing_Logic_sfun_registry.obj
 0001:00010ef0       mdlSetSimState             0000000180011ef0 f   Balancing_Logic_sfun_registry.obj
 0001:00011860       ProcessMexSfunctionEveryCall 0000000180012860 f   Balancing_Logic_sfun_registry.obj
 0001:000129e0       __local_stdio_printf_options 00000001800139e0 f i Balancing_Logic_sfun_registry.obj
 0001:000129f0       _vsnprintf_l               00000001800139f0 f i Balancing_Logic_sfun_registry.obj
 0001:00012a70       _vsprintf_l                0000000180013a70 f i Balancing_Logic_sfun_registry.obj
 0001:00012ac0       sprintf                    0000000180013ac0 f i Balancing_Logic_sfun_registry.obj
 0001:00012b10       mexfilerequiredapiversion  0000000180013b10 f   c_mexapi_version.obj
 0001:00012b40       getBitfieldFromFloat       0000000180013b40 f   half_type.obj
 0001:00012b70       getFloatFromBitfield       0000000180013b70 f   half_type.obj
 0001:00012ba0       getBitfieldFromHalf        0000000180013ba0 f   half_type.obj
 0001:00012bc0       getHalfFromBitfield        0000000180013bc0 f   half_type.obj
 0001:00012bf0       halfToFloat                0000000180013bf0 f   half_type.obj
 0001:00012ca0       halfToDouble               0000000180013ca0 f   half_type.obj
 0001:00012cd0       floatToHalf                0000000180013cd0 f   half_type.obj
 0001:00012f30       doubleToHalf               0000000180013f30 f   half_type.obj
 0001:0001321c       sf_load_rtw_optimization_info 000000018001421c f   sf_runtime:sf_runtime.dll
 0001:00013222       sf_mex_decode              0000000180014222 f   sf_runtime:sf_runtime.dll
 0001:00013228       sf_init_ChartRunTimeInfo   0000000180014228 f   sf_runtime:sf_runtime.dll
 0001:0001322e       sf_free_ChartRunTimeInfo   000000018001422e f   sf_runtime:sf_runtime.dll
 0001:00013234       sfrtGetEmlrtCtx            0000000180014234 f   sf_runtime:sf_runtime.dll
 0001:0001323a       sfrtGetCovrtInstance       000000018001423a f   sf_runtime:sf_runtime.dll
 0001:00013240       sf_get_chart_instance_ptr  0000000180014240 f   sf_runtime:sf_runtime.dll
 0001:00013246       sim_mode_is_rtw_gen        0000000180014246 f   sf_runtime:sf_runtime.dll
 0001:0001324c       sim_mode_is_external       000000018001424c f   sf_runtime:sf_runtime.dll
 0001:00013252       sf_mex_get_sfun_param      0000000180014252 f   sf_runtime:sf_runtime.dll
 0001:00013258       sf_clear_rtw_identifier    0000000180014258 f   sf_runtime:sf_runtime.dll
 0001:0001325e       sf_get_output_port_reusable 000000018001425e f   sf_runtime:sf_runtime.dll
 0001:00013264       sf_get_time                0000000180014264 f   sf_runtime:sf_runtime.dll
 0001:0001326a       sfDoAnimationWrapper       000000018001426a f   sf_runtime:sf_runtime.dll
 0001:00013270       setDataBrowseFcn           0000000180014270 f   sf_runtime:sf_runtime.dll
 0001:00013276       setDebuggerFlag            0000000180014276 f   sf_runtime:sf_runtime.dll
 0001:0001327c       sf_warn_if_symbolic_dimension_param_changed 000000018001427c f   sf_runtime:sf_runtime.dll
 0001:00013282       sf_set_work_widths         0000000180014282 f   sf_runtime:sf_runtime.dll
 0001:00013288       sfListenerCacheSimStruct   0000000180014288 f   sf_runtime:sf_runtime.dll
 0001:0001328e       sfListenerLightTerminate   000000018001428e f   sf_runtime:sf_runtime.dll
 0001:00013294       sfListenerInitializeRuntimeVars 0000000180014294 f   sf_runtime:sf_runtime.dll
 0001:0001329a       sfListenerRegisterHover    000000018001429a f   sf_runtime:sf_runtime.dll
 0001:000132a0       sfAppendHoverData          00000001800142a0 f   sf_runtime:sf_runtime.dll
 0001:000132a6       sf_mex_error_message       00000001800142a6 f   sf_runtime:sf_runtime.dll
 0001:000132ac       sf_mex_create_enum         00000001800142ac f   sf_runtime:sf_runtime.dll
 0001:000132b2       sf_mex_create              00000001800142b2 f   sf_runtime:sf_runtime.dll
 0001:000132b8       sf_mex_createcellmatrix    00000001800142b8 f   sf_runtime:sf_runtime.dll
 0001:000132be       sf_mex_setcell             00000001800142be f   sf_runtime:sf_runtime.dll
 0001:000132c4       sf_mex_getcell             00000001800142c4 f   sf_runtime:sf_runtime.dll
 0001:000132ca       sf_mex_assign              00000001800142ca f   sf_runtime:sf_runtime.dll
 0001:000132d0       sf_mex_dup                 00000001800142d0 f   sf_runtime:sf_runtime.dll
 0001:000132d6       sf_mex_destroy             00000001800142d6 f   sf_runtime:sf_runtime.dll
 0001:000132dc       sf_mex_import              00000001800142dc f   sf_runtime:sf_runtime.dll
 0001:000132e2       sf_mex_import_named        00000001800142e2 f   sf_runtime:sf_runtime.dll
 0001:000132e8       sf_mex_sub                 00000001800142e8 f   sf_runtime:sf_runtime.dll
 0001:000132ee       sf_mex_duplicatearraysafe  00000001800142ee f   sf_runtime:sf_runtime.dll
 0001:000132f4       ssGetInputPortSignal_wrapper 00000001800142f4 f   sf_runtime:sf_runtime.dll
 0001:000132fa       ssGetOutputPortSignal_wrapper 00000001800142fa f   sf_runtime:sf_runtime.dll
 0001:00013300       sf_read_before_write_error 0000000180014300 f   sf_runtime:sf_runtime.dll
 0001:00013306       sf_temporal_value_range_check_min 0000000180014306 f   sf_runtime:sf_runtime.dll
 0001:0001330c       sdi_database_initialize    000000018001430c f   sf_runtime:sf_runtime.dll
 0001:00013312       sdi_database_terminate     0000000180014312 f   sf_runtime:sf_runtime.dll
 0001:00013318       sdi_register_self_activity_signal 0000000180014318 f   sf_runtime:sf_runtime.dll
 0001:0001331e       sdi_register_child_activity_signal 000000018001431e f   sf_runtime:sf_runtime.dll
 0001:00013324       sdi_register_leaf_activity_signal 0000000180014324 f   sf_runtime:sf_runtime.dll
 0001:0001332a       sdi_register_builtin_data_type_signal 000000018001432a f   sf_runtime:sf_runtime.dll
 0001:00013330       sdi_register_base_address  0000000180014330 f   sf_runtime:sf_runtime.dll
 0001:00013336       sdi_stream_child_activity_signal 0000000180014336 f   sf_runtime:sf_runtime.dll
 0001:0001333c       sdi_stream_data_signal     000000018001433c f   sf_runtime:sf_runtime.dll
 0001:00013342       sdi_update_self_activity_signal 0000000180014342 f   sf_runtime:sf_runtime.dll
 0001:00013348       sdi_update_leaf_activity_signal 0000000180014348 f   sf_runtime:sf_runtime.dll
 0001:0001334e       sf_get_ChartInfoStruct_CodeGen 000000018001434e f   sf_runtime:sf_runtime.dll
 0001:00013354       sf_get_hasSeparateUpdateOutputs 0000000180014354 f   sf_runtime:sf_runtime.dll
 0001:0001335a       callMdlMethodAndReportError 000000018001435a f   sf_runtime:sf_runtime.dll
 0001:00013360       call_sf_machine_global_method_dispatcher 0000000180014360 f   sf_runtime:sf_runtime.dll
 0001:00013366       getRuntimeInstanceInfoAsVoid 0000000180014366 f   sf_runtime:sf_runtime.dll
 0001:0001336c       sf_mex_error_direct_call   000000018001436c f   sf_runtime:sf_runtime.dll
 0001:00013372       sf_clear_error_manager_info 0000000180014372 f   sf_runtime:sf_runtime.dll
 0001:00013378       mxIsChar_800               0000000180014378 f   libmx:libmx.dll
 0001:0001337e       mxGetScalar_800            000000018001437e f   libmx:libmx.dll
 0001:00013384       mxGetPr_800                0000000180014384 f   libmx:libmx.dll
 0001:0001338a       mxDestroyArray_800         000000018001438a f   libmx:libmx.dll
 0001:00013390       mxCreateDoubleMatrix_800   0000000180014390 f   libmx:libmx.dll
 0001:00013396       mxGetString_800            0000000180014396 f   libmx:libmx.dll
 0001:0001339c       mxDuplicateArray_800       000000018001439c f   libmx:libmx.dll
 0001:000133a2       mxSetField_800             00000001800143a2 f   libmx:libmx.dll
 0001:000133a8       mxCreateString_800         00000001800143a8 f   libmx:libmx.dll
 0001:000133ae       mxCreateCellMatrix_800     00000001800143ae f   libmx:libmx.dll
 0001:000133b4       mxCreateStructMatrix_800   00000001800143b4 f   libmx:libmx.dll
 0001:000133ba       mxCalloc_800               00000001800143ba f   libmx:libmx.dll
 0001:000133c0       mxGetM_800                 00000001800143c0 f   libmx:libmx.dll
 0001:000133c6       mxGetClassID_800           00000001800143c6 f   libmx:libmx.dll
 0001:000133cc       mxIsNumeric_800            00000001800143cc f   libmx:libmx.dll
 0001:000133d2       mxIsComplex_800            00000001800143d2 f   libmx:libmx.dll
 0001:000133d8       mxGetN_800                 00000001800143d8 f   libmx:libmx.dll
 0001:000133de       mxCreateDoubleScalar_800   00000001800143de f   libmx:libmx.dll
 0001:000133e4       mexMakeArrayPersistent_800 00000001800143e4 f   libmex:libmex.dll
 0001:000133ea       mexErrMsgTxt_800           00000001800143ea f   libmex:libmex.dll
 0001:000133f0       mexWarnMsgTxt_800          00000001800143f0 f   libmex:libmex.dll
 0001:000133f6       mexCallMATLAB_800          00000001800143f6 f   libmex:libmex.dll
 0001:000133fc       mexLock_800                00000001800143fc f   libmex:libmex.dll
 0001:00013402       mexUnlock_800              0000000180014402 f   libmex:libmex.dll
 0001:00013408       mexIsLocked_800            0000000180014408 f   libmex:libmex.dll
 0001:0001340e       utMalloc                   000000018001440e f   libut:libut.dll
 0001:00013414       utFree                     0000000180014414 f   libut:libut.dll
 0001:0001341a       emlrtNameCaptureMxArrayR2016a 000000018001441a f   libemlrt:libemlrt.dll
 0001:00013420       covrtCreateStateflowInstanceData 0000000180014420 f   libcovrt:libcovrt.dll
 0001:00013426       covrtDeleteStateflowInstanceData 0000000180014426 f   libcovrt:libcovrt.dll
 0001:0001342c       covrtTransInitFcn          000000018001442c f   libcovrt:libcovrt.dll
 0001:00013432       covrtStateInitFcn          0000000180014432 f   libcovrt:libcovrt.dll
 0001:00013438       covrtChartInitFcn          0000000180014438 f   libcovrt:libcovrt.dll
 0001:0001343e       covrtRelationalopUpdateFcn 000000018001443e f   libcovrt:libcovrt.dll
 0001:00013444       covrtDecUpdateFcn          0000000180014444 f   libcovrt:libcovrt.dll
 0001:0001344a       covrtSigUpdateFcn          000000018001444a f   libcovrt:libcovrt.dll
 0001:00013450       covrtEmlInitFcn            0000000180014450 f   libcovrt:libcovrt.dll
 0001:00013456       covrtEmlIfInitFcn          0000000180014456 f   libcovrt:libcovrt.dll
 0001:0001345c       covrtEmlMCDCInitFcn        000000018001445c f   libcovrt:libcovrt.dll
 0001:00013462       covrtEmlRelationalInitFcn  0000000180014462 f   libcovrt:libcovrt.dll
 0001:00013468       covrtEmlIfEval             0000000180014468 f   libcovrt:libcovrt.dll
 0001:0001346e       covrtEmlCondEval           000000018001446e f   libcovrt:libcovrt.dll
 0001:00013474       covrtEmlMcdcEval           0000000180014474 f   libcovrt:libcovrt.dll
 0001:0001347c       __raise_securityfailure    000000018001447c f   MSVCRT:gs_report.obj
 0001:000134b0       __report_gsfailure         00000001800144b0 f   MSVCRT:gs_report.obj
 0001:00013584       __report_rangecheckfailure 0000000180014584 f   MSVCRT:gs_report.obj
 0001:00013598       __report_securityfailure   0000000180014598 f   MSVCRT:gs_report.obj
 0001:00013634       __report_securityfailureEx 0000000180014634 f   MSVCRT:gs_report.obj
 0001:00013828       __GSHandlerCheck           0000000180014828 f   MSVCRT:gshandler.obj
 0001:00013848       __GSHandlerCheckCommon     0000000180014848 f   MSVCRT:gshandler.obj
 0001:000138c0       __security_check_cookie    00000001800148c0 f   MSVCRT:amdsecgs.obj
 0001:00013c1c       _CRT_INIT                  0000000180014c1c f   MSVCRT:dll_dllmain.obj
 0001:00013c24       _DllMainCRTStartup         0000000180014c24 f   MSVCRT:dll_dllmain.obj
 0001:00013cd0       __security_init_cookie     0000000180014cd0 f   MSVCRT:gs_support.obj
 0001:00013d7c       DllMain                    0000000180014d7c f   MSVCRT:dll_dllmain_stub.obj
 0001:00013da0       ?__scrt_initialize_type_info@@YAXXZ 0000000180014da0 f   MSVCRT:tncleanup.obj
 0001:00013db0       ?__scrt_uninitialize_type_info@@YAXXZ 0000000180014db0 f   MSVCRT:tncleanup.obj
 0001:00013dbc       __local_stdio_scanf_options 0000000180014dbc f i MSVCRT:default_local_stdio_options.obj
 0001:00013dc4       __scrt_initialize_default_local_stdio_options 0000000180014dc4 f   MSVCRT:default_local_stdio_options.obj
 0001:00013de0       ?configure_argv@__scrt_narrow_argv_policy@@SAHXZ 0000000180014de0 f i MSVCRT:utility.obj
 0001:00013e40       ?initialize_environment@__scrt_narrow_environment_policy@@SAHXZ 0000000180014e40 f i MSVCRT:utility.obj
 0001:00013e78       NtCurrentTeb               0000000180014e78 f i MSVCRT:utility.obj
 0001:00013e84       __scrt_acquire_startup_lock 0000000180014e84 f   MSVCRT:utility.obj
 0001:00013ec0       __scrt_dllmain_after_initialize_c 0000000180014ec0 f   MSVCRT:utility.obj
 0001:00013ef4       __scrt_dllmain_before_initialize_c 0000000180014ef4 f   MSVCRT:utility.obj
 0001:00013f0c       __scrt_dllmain_crt_thread_attach 0000000180014f0c f   MSVCRT:utility.obj
 0001:00013f34       __scrt_dllmain_crt_thread_detach 0000000180014f34 f   MSVCRT:utility.obj
 0001:00013f4c       __scrt_dllmain_exception_filter 0000000180014f4c f   MSVCRT:utility.obj
 0001:00013fac       __scrt_dllmain_uninitialize_c 0000000180014fac f   MSVCRT:utility.obj
 0001:00013fdc       __scrt_dllmain_uninitialize_critical 0000000180014fdc f   MSVCRT:utility.obj
 0001:00013ff0       __scrt_initialize_crt      0000000180014ff0 f   MSVCRT:utility.obj
 0001:0001403c       __scrt_initialize_onexit_tables 000000018001503c f   MSVCRT:utility.obj
 0001:000140c8       __scrt_is_nonwritable_in_current_image 00000001800150c8 f   MSVCRT:utility.obj
 0001:00014160       __scrt_release_startup_lock 0000000180015160 f   MSVCRT:utility.obj
 0001:00014184       __scrt_uninitialize_crt    0000000180015184 f   MSVCRT:utility.obj
 0001:000141b0       _onexit                    00000001800151b0 f   MSVCRT:utility.obj
 0001:000141ec       at_quick_exit              00000001800151ec f   MSVCRT:utility.obj
 0001:0001420c       atexit                     000000018001520c f   MSVCRT:utility.obj
 0001:00014224       __scrt_get_dyn_tls_init_callback 0000000180015224 f   MSVCRT:dyn_tls_init.obj
 0001:0001422c       __crt_debugger_hook        000000018001522c f   MSVCRT:utility_desktop.obj
 0001:00014234       __scrt_fastfail            0000000180015234 f   MSVCRT:utility_desktop.obj
 0001:00014380       __scrt_get_show_window_mode 0000000180015380 f   MSVCRT:utility_desktop.obj
 0001:000143bc       __scrt_initialize_mta      00000001800153bc f   MSVCRT:utility_desktop.obj
 0001:000143c4       __scrt_initialize_winrt    00000001800153c4 f   MSVCRT:utility_desktop.obj
 0001:000143c8       __scrt_is_managed_app      00000001800153c8 f   MSVCRT:utility_desktop.obj
 0001:0001441c       __scrt_set_unhandled_exception_filter 000000018001541c f   MSVCRT:utility_desktop.obj
 0001:0001442c       __scrt_stub_for_initialize_mta 000000018001542c f   MSVCRT:utility_desktop.obj
 0001:0001442c       __scrt_exe_initialize_mta  000000018001542c f   MSVCRT:utility_desktop.obj
 0001:00014430       __scrt_unhandled_exception_filter 0000000180015430 f   MSVCRT:utility_desktop.obj
 0001:0001448c       _RTC_Initialize            000000018001548c f   MSVCRT:initsect.obj
 0001:000144c8       _RTC_Terminate             00000001800154c8 f   MSVCRT:initsect.obj
 0001:00014504       _guard_check_icall_nop     0000000180015504 f i MSVCRT:guard_support.obj
 0001:00014508       ReadNoFence64              0000000180015508 f i MSVCRT:guard_support.obj
 0001:0001450c       ReadPointerNoFence         000000018001550c f i MSVCRT:guard_support.obj
 0001:00014510       __castguard_check_failure_debugbreak 0000000180015510 f i MSVCRT:guard_support.obj
 0001:0001452c       __castguard_check_failure_fastfail 000000018001552c f i MSVCRT:guard_support.obj
 0001:00014550       __castguard_check_failure_nop 0000000180015550 f i MSVCRT:guard_support.obj
 0001:00014554       __castguard_check_failure_os_handled 0000000180015554 f i MSVCRT:guard_support.obj
 0001:000145b4       __castguard_slow_path_check_debugbreak 00000001800155b4 f i MSVCRT:guard_support.obj
 0001:000145e8       __castguard_slow_path_check_fastfail 00000001800155e8 f i MSVCRT:guard_support.obj
 0001:00014624       __castguard_slow_path_check_nop 0000000180015624 f i MSVCRT:guard_support.obj
 0001:00014628       __castguard_slow_path_check_os_handled 0000000180015628 f i MSVCRT:guard_support.obj
 0001:0001469c       _guard_icall_checks_enforced 000000018001569c f i MSVCRT:guard_support.obj
 0001:000146b4       _guard_rf_checks_enforced  00000001800156b4 f i MSVCRT:guard_support.obj
 0001:000146b8       __isa_available_init       00000001800156b8 f   MSVCRT:cpu_disp.obj
 0001:0001485c       _get_startup_argv_mode     000000018001585c f   MSVCRT:argv_mode.obj
 0001:00014864       __scrt_is_ucrt_dll_in_use  0000000180015864 f   MSVCRT:ucrt_detection.obj
 0001:00014870       RtlCaptureContext          0000000180015870 f   kernel32:KERNEL32.dll
 0001:00014876       RtlLookupFunctionEntry     0000000180015876 f   kernel32:KERNEL32.dll
 0001:0001487c       RtlVirtualUnwind           000000018001587c f   kernel32:KERNEL32.dll
 0001:00014882       UnhandledExceptionFilter   0000000180015882 f   kernel32:KERNEL32.dll
 0001:00014888       SetUnhandledExceptionFilter 0000000180015888 f   kernel32:KERNEL32.dll
 0001:0001488e       GetCurrentProcess          000000018001588e f   kernel32:KERNEL32.dll
 0001:00014894       TerminateProcess           0000000180015894 f   kernel32:KERNEL32.dll
 0001:0001489a       IsProcessorFeaturePresent  000000018001589a f   kernel32:KERNEL32.dll
 0001:000148a0       QueryPerformanceCounter    00000001800158a0 f   kernel32:KERNEL32.dll
 0001:000148a6       GetCurrentProcessId        00000001800158a6 f   kernel32:KERNEL32.dll
 0001:000148ac       GetCurrentThreadId         00000001800158ac f   kernel32:KERNEL32.dll
 0001:000148b2       GetSystemTimeAsFileTime    00000001800158b2 f   kernel32:KERNEL32.dll
 0001:000148b8       DisableThreadLibraryCalls  00000001800158b8 f   kernel32:KERNEL32.dll
 0001:000148be       InitializeSListHead        00000001800158be f   kernel32:KERNEL32.dll
 0001:000148c4       IsDebuggerPresent          00000001800158c4 f   kernel32:KERNEL32.dll
 0001:000148ca       GetStartupInfoW            00000001800158ca f   kernel32:KERNEL32.dll
 0001:000148d0       GetModuleHandleW           00000001800158d0 f   kernel32:KERNEL32.dll
 0001:000148d6       memset                     00000001800158d6 f   vcruntime:VCRUNTIME140.dll
 0001:000148dc       memcpy                     00000001800158dc f   vcruntime:VCRUNTIME140.dll
 0001:000148e2       __C_specific_handler       00000001800158e2 f   vcruntime:VCRUNTIME140.dll
 0001:000148e8       __std_type_info_destroy_list 00000001800158e8 f   vcruntime:VCRUNTIME140.dll
 0001:000148ee       __current_exception        00000001800158ee f   vcruntime:VCRUNTIME140.dll
 0001:000148f4       __current_exception_context 00000001800158f4 f   vcruntime:VCRUNTIME140.dll
 0001:000148fa       strcmp                     00000001800158fa f   ucrt:api-ms-win-crt-string-l1-1-0.dll
 0001:00014900       strcat                     0000000180015900 f   ucrt:api-ms-win-crt-string-l1-1-0.dll
 0001:00014906       __stdio_common_vsprintf    0000000180015906 f   ucrt:api-ms-win-crt-stdio-l1-1-0.dll
 0001:0001490c       free                       000000018001590c f   ucrt:api-ms-win-crt-heap-l1-1-0.dll
 0001:00014912       malloc                     0000000180015912 f   ucrt:api-ms-win-crt-heap-l1-1-0.dll
 0001:00014918       strlen                     0000000180015918 f   ucrt:api-ms-win-crt-string-l1-1-0.dll
 0001:0001491e       _initterm                  000000018001591e f   ucrt:api-ms-win-crt-runtime-l1-1-0.dll
 0001:00014924       _initterm_e                0000000180015924 f   ucrt:api-ms-win-crt-runtime-l1-1-0.dll
 0001:0001492a       _seh_filter_dll            000000018001592a f   ucrt:api-ms-win-crt-runtime-l1-1-0.dll
 0001:00014930       _configure_narrow_argv     0000000180015930 f   ucrt:api-ms-win-crt-runtime-l1-1-0.dll
 0001:00014936       _initialize_narrow_environment 0000000180015936 f   ucrt:api-ms-win-crt-runtime-l1-1-0.dll
 0001:0001493c       _initialize_onexit_table   000000018001593c f   ucrt:api-ms-win-crt-runtime-l1-1-0.dll
 0001:00014942       _register_onexit_function  0000000180015942 f   ucrt:api-ms-win-crt-runtime-l1-1-0.dll
 0001:00014948       _execute_onexit_table      0000000180015948 f   ucrt:api-ms-win-crt-runtime-l1-1-0.dll
 0001:0001494e       _crt_atexit                000000018001594e f   ucrt:api-ms-win-crt-runtime-l1-1-0.dll
 0001:00014954       _crt_at_quick_exit         0000000180015954 f   ucrt:api-ms-win-crt-runtime-l1-1-0.dll
 0001:0001495a       _cexit                     000000018001595a f   ucrt:api-ms-win-crt-runtime-l1-1-0.dll
 0001:00014960       terminate                  0000000180015960 f   ucrt:api-ms-win-crt-runtime-l1-1-0.dll
 0001:00014968       __acrt_initialize          0000000180015968 f   MSVCRT:ucrt_stubs.obj
 0001:00014968       __vcrt_initialize          0000000180015968 f   MSVCRT:ucrt_stubs.obj
 0001:00014968       __scrt_stub_for_acrt_initialize 0000000180015968 f   MSVCRT:ucrt_stubs.obj
 0001:0001496c       __vcrt_thread_attach       000000018001596c f   MSVCRT:ucrt_stubs.obj
 0001:0001496c       __scrt_stub_for_acrt_thread_attach 000000018001596c f   MSVCRT:ucrt_stubs.obj
 0001:0001496c       __acrt_thread_attach       000000018001596c f   MSVCRT:ucrt_stubs.obj
 0001:00014970       __scrt_stub_for_acrt_thread_detach 0000000180015970 f   MSVCRT:ucrt_stubs.obj
 0001:00014970       __acrt_thread_detach       0000000180015970 f   MSVCRT:ucrt_stubs.obj
 0001:00014970       __vcrt_thread_detach       0000000180015970 f   MSVCRT:ucrt_stubs.obj
 0001:00014974       __acrt_uninitialize        0000000180015974 f   MSVCRT:ucrt_stubs.obj
 0001:00014974       __scrt_stub_for_acrt_uninitialize 0000000180015974 f   MSVCRT:ucrt_stubs.obj
 0001:00014974       __vcrt_uninitialize        0000000180015974 f   MSVCRT:ucrt_stubs.obj
 0001:00014978       __vcrt_uninitialize_critical 0000000180015978 f   MSVCRT:ucrt_stubs.obj
 0001:00014978       __scrt_stub_for_acrt_uninitialize_critical 0000000180015978 f   MSVCRT:ucrt_stubs.obj
 0001:00014978       __acrt_uninitialize_critical 0000000180015978 f   MSVCRT:ucrt_stubs.obj
 0001:0001497c       __scrt_stub_for_is_c_termination_complete 000000018001597c f   MSVCRT:ucrt_stubs.obj
 0001:0001497c       _is_c_termination_complete 000000018001597c f   MSVCRT:ucrt_stubs.obj
 0001:00014990       _guard_dispatch_icall_nop  0000000180015990 f   MSVCRT:guard_dispatch.obj
 0001:000149b0       _guard_xfg_dispatch_icall_nop 00000001800159b0 f   MSVCRT:guard_xfg_dispatch.obj
 0002:00000000       __imp_RtlCaptureContext    0000000180016000     kernel32:KERNEL32.dll
 0002:00000008       __imp_IsProcessorFeaturePresent 0000000180016008     kernel32:KERNEL32.dll
 0002:00000010       __imp_QueryPerformanceCounter 0000000180016010     kernel32:KERNEL32.dll
 0002:00000018       __imp_RtlLookupFunctionEntry 0000000180016018     kernel32:KERNEL32.dll
 0002:00000020       __imp_GetCurrentProcessId  0000000180016020     kernel32:KERNEL32.dll
 0002:00000028       __imp_GetCurrentThreadId   0000000180016028     kernel32:KERNEL32.dll
 0002:00000030       __imp_GetSystemTimeAsFileTime 0000000180016030     kernel32:KERNEL32.dll
 0002:00000038       __imp_DisableThreadLibraryCalls 0000000180016038     kernel32:KERNEL32.dll
 0002:00000040       __imp_InitializeSListHead  0000000180016040     kernel32:KERNEL32.dll
 0002:00000048       __imp_IsDebuggerPresent    0000000180016048     kernel32:KERNEL32.dll
 0002:00000050       __imp_GetStartupInfoW      0000000180016050     kernel32:KERNEL32.dll
 0002:00000058       __imp_GetModuleHandleW     0000000180016058     kernel32:KERNEL32.dll
 0002:00000060       __imp_GetCurrentProcess    0000000180016060     kernel32:KERNEL32.dll
 0002:00000068       __imp_SetUnhandledExceptionFilter 0000000180016068     kernel32:KERNEL32.dll
 0002:00000070       __imp_UnhandledExceptionFilter 0000000180016070     kernel32:KERNEL32.dll
 0002:00000078       __imp_RtlVirtualUnwind     0000000180016078     kernel32:KERNEL32.dll
 0002:00000080       __imp_TerminateProcess     0000000180016080     kernel32:KERNEL32.dll
 0002:00000088       \177KERNEL32_NULL_THUNK_DATA 0000000180016088     kernel32:KERNEL32.dll
 0002:00000090       __imp_memset               0000000180016090     vcruntime:VCRUNTIME140.dll
 0002:00000098       __imp_memcpy               0000000180016098     vcruntime:VCRUNTIME140.dll
 0002:000000a0       __imp___C_specific_handler 00000001800160a0     vcruntime:VCRUNTIME140.dll
 0002:000000a8       __imp___std_type_info_destroy_list 00000001800160a8     vcruntime:VCRUNTIME140.dll
 0002:000000b0       __imp___current_exception  00000001800160b0     vcruntime:VCRUNTIME140.dll
 0002:000000b8       __imp___current_exception_context 00000001800160b8     vcruntime:VCRUNTIME140.dll
 0002:000000c0       \177VCRUNTIME140_NULL_THUNK_DATA 00000001800160c0     vcruntime:VCRUNTIME140.dll
 0002:000000c8       __imp_malloc               00000001800160c8     ucrt:api-ms-win-crt-heap-l1-1-0.dll
 0002:000000d0       __imp_free                 00000001800160d0     ucrt:api-ms-win-crt-heap-l1-1-0.dll
 0002:000000d8       \177api-ms-win-crt-heap-l1-1-0_NULL_THUNK_DATA 00000001800160d8     ucrt:api-ms-win-crt-heap-l1-1-0.dll
 0002:000000e0       __imp__initterm_e          00000001800160e0     ucrt:api-ms-win-crt-runtime-l1-1-0.dll
 0002:000000e8       __imp__seh_filter_dll      00000001800160e8     ucrt:api-ms-win-crt-runtime-l1-1-0.dll
 0002:000000f0       __imp__initialize_narrow_environment 00000001800160f0     ucrt:api-ms-win-crt-runtime-l1-1-0.dll
 0002:000000f8       __imp__configure_narrow_argv 00000001800160f8     ucrt:api-ms-win-crt-runtime-l1-1-0.dll
 0002:00000100       __imp__register_onexit_function 0000000180016100     ucrt:api-ms-win-crt-runtime-l1-1-0.dll
 0002:00000108       __imp__execute_onexit_table 0000000180016108     ucrt:api-ms-win-crt-runtime-l1-1-0.dll
 0002:00000110       __imp__crt_atexit          0000000180016110     ucrt:api-ms-win-crt-runtime-l1-1-0.dll
 0002:00000118       __imp__crt_at_quick_exit   0000000180016118     ucrt:api-ms-win-crt-runtime-l1-1-0.dll
 0002:00000120       __imp__cexit               0000000180016120     ucrt:api-ms-win-crt-runtime-l1-1-0.dll
 0002:00000128       __imp_terminate            0000000180016128     ucrt:api-ms-win-crt-runtime-l1-1-0.dll
 0002:00000130       __imp__initialize_onexit_table 0000000180016130     ucrt:api-ms-win-crt-runtime-l1-1-0.dll
 0002:00000138       __imp__initterm            0000000180016138     ucrt:api-ms-win-crt-runtime-l1-1-0.dll
 0002:00000140       \177api-ms-win-crt-runtime-l1-1-0_NULL_THUNK_DATA 0000000180016140     ucrt:api-ms-win-crt-runtime-l1-1-0.dll
 0002:00000148       __imp___stdio_common_vsprintf 0000000180016148     ucrt:api-ms-win-crt-stdio-l1-1-0.dll
 0002:00000150       \177api-ms-win-crt-stdio-l1-1-0_NULL_THUNK_DATA 0000000180016150     ucrt:api-ms-win-crt-stdio-l1-1-0.dll
 0002:00000158       __imp_strlen               0000000180016158     ucrt:api-ms-win-crt-string-l1-1-0.dll
 0002:00000160       __imp_strcat               0000000180016160     ucrt:api-ms-win-crt-string-l1-1-0.dll
 0002:00000168       __imp_strcmp               0000000180016168     ucrt:api-ms-win-crt-string-l1-1-0.dll
 0002:00000170       \177api-ms-win-crt-string-l1-1-0_NULL_THUNK_DATA 0000000180016170     ucrt:api-ms-win-crt-string-l1-1-0.dll
 0002:00000178       __imp_covrtDeleteStateflowInstanceData 0000000180016178     libcovrt:libcovrt.dll
 0002:00000180       __imp_covrtEmlMcdcEval     0000000180016180     libcovrt:libcovrt.dll
 0002:00000188       __imp_covrtEmlCondEval     0000000180016188     libcovrt:libcovrt.dll
 0002:00000190       __imp_covrtEmlIfEval       0000000180016190     libcovrt:libcovrt.dll
 0002:00000198       __imp_covrtEmlRelationalInitFcn 0000000180016198     libcovrt:libcovrt.dll
 0002:000001a0       __imp_covrtEmlMCDCInitFcn  00000001800161a0     libcovrt:libcovrt.dll
 0002:000001a8       __imp_covrtEmlIfInitFcn    00000001800161a8     libcovrt:libcovrt.dll
 0002:000001b0       __imp_covrtEmlInitFcn      00000001800161b0     libcovrt:libcovrt.dll
 0002:000001b8       __imp_covrtSigUpdateFcn    00000001800161b8     libcovrt:libcovrt.dll
 0002:000001c0       __imp_covrtDecUpdateFcn    00000001800161c0     libcovrt:libcovrt.dll
 0002:000001c8       __imp_covrtRelationalopUpdateFcn 00000001800161c8     libcovrt:libcovrt.dll
 0002:000001d0       __imp_covrtChartInitFcn    00000001800161d0     libcovrt:libcovrt.dll
 0002:000001d8       __imp_covrtTransInitFcn    00000001800161d8     libcovrt:libcovrt.dll
 0002:000001e0       __imp_covrtStateInitFcn    00000001800161e0     libcovrt:libcovrt.dll
 0002:000001e8       __imp_covrtCreateStateflowInstanceData 00000001800161e8     libcovrt:libcovrt.dll
 0002:000001f0       \177libcovrt_NULL_THUNK_DATA 00000001800161f0     libcovrt:libcovrt.dll
 0002:000001f8       __imp_emlrtNameCaptureMxArrayR2016a 00000001800161f8     libemlrt:libemlrt.dll
 0002:00000200       \177libemlrt_NULL_THUNK_DATA 0000000180016200     libemlrt:libemlrt.dll
 0002:00000208       __imp_mexUnlock_800        0000000180016208     libmex:libmex.dll
 0002:00000210       __imp_mexLock_800          0000000180016210     libmex:libmex.dll
 0002:00000218       __imp_mexCallMATLAB_800    0000000180016218     libmex:libmex.dll
 0002:00000220       __imp_mexWarnMsgTxt_800    0000000180016220     libmex:libmex.dll
 0002:00000228       __imp_mexErrMsgTxt_800     0000000180016228     libmex:libmex.dll
 0002:00000230       __imp_mexMakeArrayPersistent_800 0000000180016230     libmex:libmex.dll
 0002:00000238       __imp_mexIsLocked_800      0000000180016238     libmex:libmex.dll
 0002:00000240       \177libmex_NULL_THUNK_DATA 0000000180016240     libmex:libmex.dll
 0002:00000248       __imp_mxIsNumeric_800      0000000180016248     libmx:libmx.dll
 0002:00000250       __imp_mxIsComplex_800      0000000180016250     libmx:libmx.dll
 0002:00000258       __imp_mxGetClassID_800     0000000180016258     libmx:libmx.dll
 0002:00000260       __imp_mxGetString_800      0000000180016260     libmx:libmx.dll
 0002:00000268       __imp_mxSetField_800       0000000180016268     libmx:libmx.dll
 0002:00000270       __imp_mxGetM_800           0000000180016270     libmx:libmx.dll
 0002:00000278       __imp_mxCalloc_800         0000000180016278     libmx:libmx.dll
 0002:00000280       __imp_mxCreateStructMatrix_800 0000000180016280     libmx:libmx.dll
 0002:00000288       __imp_mxCreateCellMatrix_800 0000000180016288     libmx:libmx.dll
 0002:00000290       __imp_mxCreateString_800   0000000180016290     libmx:libmx.dll
 0002:00000298       __imp_mxGetPr_800          0000000180016298     libmx:libmx.dll
 0002:000002a0       __imp_mxGetN_800           00000001800162a0     libmx:libmx.dll
 0002:000002a8       __imp_mxDuplicateArray_800 00000001800162a8     libmx:libmx.dll
 0002:000002b0       __imp_mxGetScalar_800      00000001800162b0     libmx:libmx.dll
 0002:000002b8       __imp_mxIsChar_800         00000001800162b8     libmx:libmx.dll
 0002:000002c0       __imp_mxCreateDoubleMatrix_800 00000001800162c0     libmx:libmx.dll
 0002:000002c8       __imp_mxCreateDoubleScalar_800 00000001800162c8     libmx:libmx.dll
 0002:000002d0       __imp_mxDestroyArray_800   00000001800162d0     libmx:libmx.dll
 0002:000002d8       \177libmx_NULL_THUNK_DATA  00000001800162d8     libmx:libmx.dll
 0002:000002e0       __imp_utFree               00000001800162e0     libut:libut.dll
 0002:000002e8       __imp_utMalloc             00000001800162e8     libut:libut.dll
 0002:000002f0       \177libut_NULL_THUNK_DATA  00000001800162f0     libut:libut.dll
 0002:000002f8       __imp_sf_mex_decode        00000001800162f8     sf_runtime:sf_runtime.dll
 0002:00000300       __imp_sf_clear_error_manager_info 0000000180016300     sf_runtime:sf_runtime.dll
 0002:00000308       __imp_sf_mex_error_direct_call 0000000180016308     sf_runtime:sf_runtime.dll
 0002:00000310       __imp_getRuntimeInstanceInfoAsVoid 0000000180016310     sf_runtime:sf_runtime.dll
 0002:00000318       __imp_call_sf_machine_global_method_dispatcher 0000000180016318     sf_runtime:sf_runtime.dll
 0002:00000320       __imp_callMdlMethodAndReportError 0000000180016320     sf_runtime:sf_runtime.dll
 0002:00000328       __imp_sf_get_hasSeparateUpdateOutputs 0000000180016328     sf_runtime:sf_runtime.dll
 0002:00000330       __imp_sf_get_ChartInfoStruct_CodeGen 0000000180016330     sf_runtime:sf_runtime.dll
 0002:00000338       __imp_sdi_update_leaf_activity_signal 0000000180016338     sf_runtime:sf_runtime.dll
 0002:00000340       __imp_sdi_update_self_activity_signal 0000000180016340     sf_runtime:sf_runtime.dll
 0002:00000348       __imp_sdi_stream_data_signal 0000000180016348     sf_runtime:sf_runtime.dll
 0002:00000350       __imp_sdi_stream_child_activity_signal 0000000180016350     sf_runtime:sf_runtime.dll
 0002:00000358       __imp_sdi_register_base_address 0000000180016358     sf_runtime:sf_runtime.dll
 0002:00000360       __imp_sdi_register_builtin_data_type_signal 0000000180016360     sf_runtime:sf_runtime.dll
 0002:00000368       __imp_sdi_register_leaf_activity_signal 0000000180016368     sf_runtime:sf_runtime.dll
 0002:00000370       __imp_sdi_register_child_activity_signal 0000000180016370     sf_runtime:sf_runtime.dll
 0002:00000378       __imp_sdi_register_self_activity_signal 0000000180016378     sf_runtime:sf_runtime.dll
 0002:00000380       __imp_sdi_database_terminate 0000000180016380     sf_runtime:sf_runtime.dll
 0002:00000388       __imp_sdi_database_initialize 0000000180016388     sf_runtime:sf_runtime.dll
 0002:00000390       __imp_sf_temporal_value_range_check_min 0000000180016390     sf_runtime:sf_runtime.dll
 0002:00000398       __imp_sf_read_before_write_error 0000000180016398     sf_runtime:sf_runtime.dll
 0002:000003a0       __imp_ssGetOutputPortSignal_wrapper 00000001800163a0     sf_runtime:sf_runtime.dll
 0002:000003a8       __imp_ssGetInputPortSignal_wrapper 00000001800163a8     sf_runtime:sf_runtime.dll
 0002:000003b0       __imp_sf_mex_duplicatearraysafe 00000001800163b0     sf_runtime:sf_runtime.dll
 0002:000003b8       __imp_sf_mex_sub           00000001800163b8     sf_runtime:sf_runtime.dll
 0002:000003c0       __imp_sf_mex_import_named  00000001800163c0     sf_runtime:sf_runtime.dll
 0002:000003c8       __imp_sf_mex_import        00000001800163c8     sf_runtime:sf_runtime.dll
 0002:000003d0       __imp_sf_mex_destroy       00000001800163d0     sf_runtime:sf_runtime.dll
 0002:000003d8       __imp_sf_mex_dup           00000001800163d8     sf_runtime:sf_runtime.dll
 0002:000003e0       __imp_sf_mex_assign        00000001800163e0     sf_runtime:sf_runtime.dll
 0002:000003e8       __imp_sf_mex_getcell       00000001800163e8     sf_runtime:sf_runtime.dll
 0002:000003f0       __imp_sf_mex_setcell       00000001800163f0     sf_runtime:sf_runtime.dll
 0002:000003f8       __imp_sf_mex_createcellmatrix 00000001800163f8     sf_runtime:sf_runtime.dll
 0002:00000400       __imp_sf_mex_create        0000000180016400     sf_runtime:sf_runtime.dll
 0002:00000408       __imp_sf_mex_create_enum   0000000180016408     sf_runtime:sf_runtime.dll
 0002:00000410       __imp_sf_mex_error_message 0000000180016410     sf_runtime:sf_runtime.dll
 0002:00000418       __imp_sfAppendHoverData    0000000180016418     sf_runtime:sf_runtime.dll
 0002:00000420       __imp_sfListenerRegisterHover 0000000180016420     sf_runtime:sf_runtime.dll
 0002:00000428       __imp_sfListenerInitializeRuntimeVars 0000000180016428     sf_runtime:sf_runtime.dll
 0002:00000430       __imp_sfListenerLightTerminate 0000000180016430     sf_runtime:sf_runtime.dll
 0002:00000438       __imp_sfListenerCacheSimStruct 0000000180016438     sf_runtime:sf_runtime.dll
 0002:00000440       __imp_sf_set_work_widths   0000000180016440     sf_runtime:sf_runtime.dll
 0002:00000448       __imp_sf_warn_if_symbolic_dimension_param_changed 0000000180016448     sf_runtime:sf_runtime.dll
 0002:00000450       __imp_setDebuggerFlag      0000000180016450     sf_runtime:sf_runtime.dll
 0002:00000458       __imp_setDataBrowseFcn     0000000180016458     sf_runtime:sf_runtime.dll
 0002:00000460       __imp_sfDoAnimationWrapper 0000000180016460     sf_runtime:sf_runtime.dll
 0002:00000468       __imp_sf_get_time          0000000180016468     sf_runtime:sf_runtime.dll
 0002:00000470       __imp_sf_get_output_port_reusable 0000000180016470     sf_runtime:sf_runtime.dll
 0002:00000478       __imp_sf_clear_rtw_identifier 0000000180016478     sf_runtime:sf_runtime.dll
 0002:00000480       __imp_sf_mex_get_sfun_param 0000000180016480     sf_runtime:sf_runtime.dll
 0002:00000488       __imp_sim_mode_is_external 0000000180016488     sf_runtime:sf_runtime.dll
 0002:00000490       __imp_sim_mode_is_rtw_gen  0000000180016490     sf_runtime:sf_runtime.dll
 0002:00000498       __imp_sf_get_chart_instance_ptr 0000000180016498     sf_runtime:sf_runtime.dll
 0002:000004a0       __imp_sfrtGetCovrtInstance 00000001800164a0     sf_runtime:sf_runtime.dll
 0002:000004a8       __imp_sfrtGetEmlrtCtx      00000001800164a8     sf_runtime:sf_runtime.dll
 0002:000004b0       __imp_sf_free_ChartRunTimeInfo 00000001800164b0     sf_runtime:sf_runtime.dll
 0002:000004b8       __imp_sf_init_ChartRunTimeInfo 00000001800164b8     sf_runtime:sf_runtime.dll
 0002:000004c0       __imp_sf_load_rtw_optimization_info 00000001800164c0     sf_runtime:sf_runtime.dll
 0002:000004c8       \177sf_runtime_NULL_THUNK_DATA 00000001800164c8     sf_runtime:sf_runtime.dll
 0002:000004d0       __guard_check_icall_fptr   00000001800164d0     MSVCRT:guard_support.obj
 0002:000004d8       __guard_xfg_check_icall_fptr 00000001800164d8     MSVCRT:guard_support.obj
 0002:000004e0       __guard_dispatch_icall_fptr 00000001800164e0     MSVCRT:guard_support.obj
 0002:000004e8       __guard_xfg_dispatch_icall_fptr 00000001800164e8     MSVCRT:guard_support.obj
 0002:000004f0       __guard_xfg_table_dispatch_icall_fptr 00000001800164f0     MSVCRT:guard_support.obj
 0002:000004f8       __xc_a                     00000001800164f8     MSVCRT:initializers.obj
 0002:00000500       __xc_z                     0000000180016500     MSVCRT:initializers.obj
 0002:00000508       __xi_a                     0000000180016508     MSVCRT:initializers.obj
 0002:00000510       __xi_z                     0000000180016510     MSVCRT:initializers.obj
 0002:00000518       __xp_a                     0000000180016518     MSVCRT:initializers.obj
 0002:00000520       __xp_z                     0000000180016520     MSVCRT:initializers.obj
 0002:00000528       __xt_a                     0000000180016528     MSVCRT:initializers.obj
 0002:00000530       __xt_z                     0000000180016530     MSVCRT:initializers.obj
 0002:00000540       __real@41c4980e43800000    0000000180016540     Balancing_Logic_sfun.obj
 0002:00000548       __real@41c8073320800000    0000000180016548     Balancing_Logic_sfun.obj
 0002:00000550       __real@41cd875894000000    0000000180016550     Balancing_Logic_sfun.obj
 0002:00000558       __real@41cf8cecc7000000    0000000180016558     Balancing_Logic_sfun.obj
 0002:00000560       __real@41d73170c4c00000    0000000180016560     Balancing_Logic_sfun.obj
 0002:00000568       __real@41e067f384a00000    0000000180016568     Balancing_Logic_sfun.obj
 0002:00000570       __real@41e29be4cec00000    0000000180016570     Balancing_Logic_sfun.obj
 0002:00000578       __real@41e3cce89f200000    0000000180016578     Balancing_Logic_sfun.obj
 0002:00000580       __real@41e55e18f9c00000    0000000180016580     Balancing_Logic_sfun.obj
 0002:00000588       __real@41e565ff4d600000    0000000180016588     Balancing_Logic_sfun.obj
 0002:00000590       __real@41ea5b41cc400000    0000000180016590     Balancing_Logic_sfun.obj
 0002:00000598       __real@41eca571d6a00000    0000000180016598     Balancing_Logic_sfun.obj
 0002:000006f0       __real@0000000000000000    00000001800166f0     c1_Balancing_Logic.obj
 0002:000006f8       __real@3ff0000000000000    00000001800166f8     c1_Balancing_Logic.obj
 0002:00000700       __real@40000000            0000000180016700     c1_Balancing_Logic.obj
 0002:00000708       __real@4014000000000000    0000000180016708     c1_Balancing_Logic.obj
 0002:00000710       __real@40e0000000000000    0000000180016710     c1_Balancing_Logic.obj
 0002:00000718       __real@41c6fdaf66800000    0000000180016718     c1_Balancing_Logic.obj
 0002:00000720       __real@41d84c507fc00000    0000000180016720     c1_Balancing_Logic.obj
 0002:00000728       __real@41e66f818e800000    0000000180016728     c1_Balancing_Logic.obj
 0002:00000730       __real@41e98f02f2c00000    0000000180016730     c1_Balancing_Logic.obj
 0002:00000738       __real@bff0000000000000    0000000180016738     c1_Balancing_Logic.obj
 0002:00000740       __real@c0e0000000000000    0000000180016740     c1_Balancing_Logic.obj
 0002:00000748       DYNAMIC_DIMENSION_DEF      0000000180016748     Balancing_Logic_sfun_registry.obj
 0002:00000760       __real@4010000000000000    0000000180016760     Balancing_Logic_sfun_registry.obj
 0002:00000768       __real@41602cbca0000000    0000000180016768     Balancing_Logic_sfun_registry.obj
 0002:00000770       __real@77800000            0000000180016770     half_type.obj
 0002:00000788       _pDefaultRawDllMain        0000000180016788     MSVCRT:dll_dllmain.obj
 0002:00000788       _pRawDllMain               0000000180016788     MSVCRT:dll_dllmain.obj
 0002:00000790       __xmm@ffffffffffffffffffffffffffffffff 0000000180016790     MSVCRT:utility.obj
 0002:000007c0       _load_config_used          00000001800167c0     MSVCRT:loadcfg.obj
 0002:00000900       __CastGuardVftablesStart   0000000180016900     MSVCRT:guard_support.obj
 0002:00000908       __CastGuardVftablesEnd     0000000180016908     MSVCRT:guard_support.obj
 0002:00000910       __volatile_metadata        0000000180016910     <linker-defined>
 0002:00000ca0       __rtc_iaa                  0000000180016ca0     MSVCRT:initsect.obj
 0002:00000ca8       __rtc_izz                  0000000180016ca8     MSVCRT:initsect.obj
 0002:00000cb0       __rtc_taa                  0000000180016cb0     MSVCRT:initsect.obj
 0002:00000cb8       __rtc_tzz                  0000000180016cb8     MSVCRT:initsect.obj
 0002:00001800       __IMPORT_DESCRIPTOR_sf_runtime 0000000180017800     sf_runtime:sf_runtime.dll
 0002:00001814       __IMPORT_DESCRIPTOR_libmx  0000000180017814     libmx:libmx.dll
 0002:00001828       __IMPORT_DESCRIPTOR_libmex 0000000180017828     libmex:libmex.dll
 0002:0000183c       __IMPORT_DESCRIPTOR_libut  000000018001783c     libut:libut.dll
 0002:00001850       __IMPORT_DESCRIPTOR_libemlrt 0000000180017850     libemlrt:libemlrt.dll
 0002:00001864       __IMPORT_DESCRIPTOR_libcovrt 0000000180017864     libcovrt:libcovrt.dll
 0002:00001878       __IMPORT_DESCRIPTOR_KERNEL32 0000000180017878     kernel32:KERNEL32.dll
 0002:0000188c       __IMPORT_DESCRIPTOR_VCRUNTIME140 000000018001788c     vcruntime:VCRUNTIME140.dll
 0002:000018a0       __IMPORT_DESCRIPTOR_api-ms-win-crt-string-l1-1-0 00000001800178a0     ucrt:api-ms-win-crt-string-l1-1-0.dll
 0002:000018b4       __IMPORT_DESCRIPTOR_api-ms-win-crt-stdio-l1-1-0 00000001800178b4     ucrt:api-ms-win-crt-stdio-l1-1-0.dll
 0002:000018c8       __IMPORT_DESCRIPTOR_api-ms-win-crt-heap-l1-1-0 00000001800178c8     ucrt:api-ms-win-crt-heap-l1-1-0.dll
 0002:000018dc       __IMPORT_DESCRIPTOR_api-ms-win-crt-runtime-l1-1-0 00000001800178dc     ucrt:api-ms-win-crt-runtime-l1-1-0.dll
 0002:000018f0       __NULL_IMPORT_DESCRIPTOR   00000001800178f0     sf_runtime:sf_runtime.dll
 0003:000017d0       DYNAMIC_DIMENSION          000000018001a7d0     Balancing_Logic_sfun_registry.obj
 0003:00003d30       __security_cookie_complement 000000018001cd30     MSVCRT:gs_cookie.obj
 0003:00003d38       __security_cookie          000000018001cd38     MSVCRT:gs_cookie.obj
 0003:00003d40       _fltused                   000000018001cd40     MSVCRT:fltused.obj
 0003:00003d44       __scrt_native_dllmain_reason 000000018001cd44     MSVCRT:utility.obj
 0003:00003d48       __isa_available            000000018001cd48     MSVCRT:cpu_disp.obj
 0003:00003d4c       __isa_enabled              000000018001cd4c     MSVCRT:cpu_disp.obj
 0003:00003d50       __memcpy_nt_iters          000000018001cd50     MSVCRT:cpu_disp.obj
 0003:00003d58       __memset_nt_iters          000000018001cd58     MSVCRT:cpu_disp.obj
 0003:00003d60       __scrt_ucrt_dll_is_in_use  000000018001cd60     MSVCRT:ucrt_stubs.obj
 0003:00004c20       ?__type_info_root_node@@3U__type_info_node@@A 000000018001dc20     MSVCRT:tncleanup.obj
 0003:00004c30       ?_OptionsStorage@?1??__local_stdio_printf_options@@9@4_KA 000000018001dc30     MSVCRT:default_local_stdio_options.obj
 0003:00004c38       ?_OptionsStorage@?1??__local_stdio_scanf_options@@9@4_KA 000000018001dc38     MSVCRT:default_local_stdio_options.obj
 0003:00004c40       __scrt_current_native_startup_state 000000018001dc40     MSVCRT:utility.obj
 0003:00004c48       __scrt_native_startup_lock 000000018001dc48     MSVCRT:utility.obj
 0003:00004c88       __scrt_debugger_hook_flag  000000018001dc88     MSVCRT:utility_desktop.obj
 0003:00004c90       __castguard_check_failure_os_handled_fptr 000000018001dc90     MSVCRT:guard_support.obj
 0003:00004c98       __favor                    000000018001dc98     MSVCRT:cpu_disp.obj
 0003:00004ca0       ?_OptionsStorage@?1??__local_stdio_printf_options@@9@9 000000018001dca0     <common>
 0003:00004ca8       __dyn_tls_init_callback    000000018001dca8     <common>

 entry point at        0001:00013c24

 Static symbols

 0000:00000000       .debug$S                   0000000180000000     Balancing_Logic_sfun.exp
 0000:fffe1000       _volmd                     0000000180000000     Balancing_Logic_sfun.obj
 0000:fffe1000       _volmd                     0000000180000000     Balancing_Logic_sfun_registry.obj
 0000:fffe1000       _volmd                     0000000180000000     c1_Balancing_Logic.obj
 0000:00000000       .debug$S                   0000000180000000     ucrt:api-ms-win-crt-heap-l1-1-0.dll
 0000:00000000       .debug$S                   0000000180000000     ucrt:api-ms-win-crt-heap-l1-1-0.dll
 0000:00000000       .debug$S                   0000000180000000     ucrt:api-ms-win-crt-runtime-l1-1-0.dll
 0000:00000000       .debug$S                   0000000180000000     ucrt:api-ms-win-crt-runtime-l1-1-0.dll
 0000:00000000       .debug$S                   0000000180000000     ucrt:api-ms-win-crt-runtime-l1-1-0.dll
 0000:00000000       .debug$S                   0000000180000000     ucrt:api-ms-win-crt-runtime-l1-1-0.dll
 0000:00000000       .debug$S                   0000000180000000     ucrt:api-ms-win-crt-runtime-l1-1-0.dll
 0000:00000000       .debug$S                   0000000180000000     ucrt:api-ms-win-crt-runtime-l1-1-0.dll
 0000:00000000       .debug$S                   0000000180000000     ucrt:api-ms-win-crt-runtime-l1-1-0.dll
 0000:00000000       .debug$S                   0000000180000000     ucrt:api-ms-win-crt-runtime-l1-1-0.dll
 0000:00000000       .debug$S                   0000000180000000     ucrt:api-ms-win-crt-runtime-l1-1-0.dll
 0000:00000000       .debug$S                   0000000180000000     ucrt:api-ms-win-crt-runtime-l1-1-0.dll
 0000:00000000       .debug$S                   0000000180000000     ucrt:api-ms-win-crt-runtime-l1-1-0.dll
 0000:00000000       .debug$S                   0000000180000000     ucrt:api-ms-win-crt-runtime-l1-1-0.dll
 0000:00000000       .debug$S                   0000000180000000     ucrt:api-ms-win-crt-stdio-l1-1-0.dll
 0000:00000000       .debug$S                   0000000180000000     ucrt:api-ms-win-crt-string-l1-1-0.dll
 0000:00000000       .debug$S                   0000000180000000     ucrt:api-ms-win-crt-string-l1-1-0.dll
 0000:00000000       .debug$S                   0000000180000000     ucrt:api-ms-win-crt-string-l1-1-0.dll
 0000:00000000       .debug$S                   0000000180000000     kernel32:KERNEL32.dll
 0000:00000000       .debug$S                   0000000180000000     kernel32:KERNEL32.dll
 0000:00000000       .debug$S                   0000000180000000     kernel32:KERNEL32.dll
 0000:00000000       .debug$S                   0000000180000000     kernel32:KERNEL32.dll
 0000:00000000       .debug$S                   0000000180000000     kernel32:KERNEL32.dll
 0000:00000000       .debug$S                   0000000180000000     kernel32:KERNEL32.dll
 0000:00000000       .debug$S                   0000000180000000     kernel32:KERNEL32.dll
 0000:00000000       .debug$S                   0000000180000000     kernel32:KERNEL32.dll
 0000:00000000       .debug$S                   0000000180000000     kernel32:KERNEL32.dll
 0000:00000000       .debug$S                   0000000180000000     kernel32:KERNEL32.dll
 0000:00000000       .debug$S                   0000000180000000     kernel32:KERNEL32.dll
 0000:00000000       .debug$S                   0000000180000000     kernel32:KERNEL32.dll
 0000:00000000       .debug$S                   0000000180000000     kernel32:KERNEL32.dll
 0000:00000000       .debug$S                   0000000180000000     kernel32:KERNEL32.dll
 0000:00000000       .debug$S                   0000000180000000     kernel32:KERNEL32.dll
 0000:00000000       .debug$S                   0000000180000000     kernel32:KERNEL32.dll
 0000:00000000       .debug$S                   0000000180000000     kernel32:KERNEL32.dll
 0000:00000000       .debug$S                   0000000180000000     libcovrt:libcovrt.dll
 0000:00000000       .debug$S                   0000000180000000     libcovrt:libcovrt.dll
 0000:00000000       .debug$S                   0000000180000000     libcovrt:libcovrt.dll
 0000:00000000       .debug$S                   0000000180000000     libcovrt:libcovrt.dll
 0000:00000000       .debug$S                   0000000180000000     libcovrt:libcovrt.dll
 0000:00000000       .debug$S                   0000000180000000     libcovrt:libcovrt.dll
 0000:00000000       .debug$S                   0000000180000000     libcovrt:libcovrt.dll
 0000:00000000       .debug$S                   0000000180000000     libcovrt:libcovrt.dll
 0000:00000000       .debug$S                   0000000180000000     libcovrt:libcovrt.dll
 0000:00000000       .debug$S                   0000000180000000     libcovrt:libcovrt.dll
 0000:00000000       .debug$S                   0000000180000000     libcovrt:libcovrt.dll
 0000:00000000       .debug$S                   0000000180000000     libcovrt:libcovrt.dll
 0000:00000000       .debug$S                   0000000180000000     libcovrt:libcovrt.dll
 0000:00000000       .debug$S                   0000000180000000     libcovrt:libcovrt.dll
 0000:00000000       .debug$S                   0000000180000000     libcovrt:libcovrt.dll
 0000:00000000       .debug$S                   0000000180000000     libemlrt:libemlrt.dll
 0000:00000000       .debug$S                   0000000180000000     libmex:libmex.dll
 0000:00000000       .debug$S                   0000000180000000     libmex:libmex.dll
 0000:00000000       .debug$S                   0000000180000000     libmex:libmex.dll
 0000:00000000       .debug$S                   0000000180000000     libmex:libmex.dll
 0000:00000000       .debug$S                   0000000180000000     libmex:libmex.dll
 0000:00000000       .debug$S                   0000000180000000     libmex:libmex.dll
 0000:00000000       .debug$S                   0000000180000000     libmex:libmex.dll
 0000:00000000       .debug$S                   0000000180000000     libmx:libmx.dll
 0000:00000000       .debug$S                   0000000180000000     libmx:libmx.dll
 0000:00000000       .debug$S                   0000000180000000     libmx:libmx.dll
 0000:00000000       .debug$S                   0000000180000000     libmx:libmx.dll
 0000:00000000       .debug$S                   0000000180000000     libmx:libmx.dll
 0000:00000000       .debug$S                   0000000180000000     libmx:libmx.dll
 0000:00000000       .debug$S                   0000000180000000     libmx:libmx.dll
 0000:00000000       .debug$S                   0000000180000000     libmx:libmx.dll
 0000:00000000       .debug$S                   0000000180000000     libmx:libmx.dll
 0000:00000000       .debug$S                   0000000180000000     libmx:libmx.dll
 0000:00000000       .debug$S                   0000000180000000     libmx:libmx.dll
 0000:00000000       .debug$S                   0000000180000000     libmx:libmx.dll
 0000:00000000       .debug$S                   0000000180000000     libmx:libmx.dll
 0000:00000000       .debug$S                   0000000180000000     libmx:libmx.dll
 0000:00000000       .debug$S                   0000000180000000     libmx:libmx.dll
 0000:00000000       .debug$S                   0000000180000000     libmx:libmx.dll
 0000:00000000       .debug$S                   0000000180000000     libmx:libmx.dll
 0000:00000000       .debug$S                   0000000180000000     libmx:libmx.dll
 0000:00000000       .debug$S                   0000000180000000     libut:libut.dll
 0000:00000000       .debug$S                   0000000180000000     libut:libut.dll
 0000:00000000       .debug$S                   0000000180000000     sf_runtime:sf_runtime.dll
 0000:00000000       .debug$S                   0000000180000000     sf_runtime:sf_runtime.dll
 0000:00000000       .debug$S                   0000000180000000     sf_runtime:sf_runtime.dll
 0000:00000000       .debug$S                   0000000180000000     sf_runtime:sf_runtime.dll
 0000:00000000       .debug$S                   0000000180000000     sf_runtime:sf_runtime.dll
 0000:00000000       .debug$S                   0000000180000000     sf_runtime:sf_runtime.dll
 0000:00000000       .debug$S                   0000000180000000     sf_runtime:sf_runtime.dll
 0000:00000000       .debug$S                   0000000180000000     sf_runtime:sf_runtime.dll
 0000:00000000       .debug$S                   0000000180000000     sf_runtime:sf_runtime.dll
 0000:00000000       .debug$S                   0000000180000000     sf_runtime:sf_runtime.dll
 0000:00000000       .debug$S                   0000000180000000     sf_runtime:sf_runtime.dll
 0000:00000000       .debug$S                   0000000180000000     sf_runtime:sf_runtime.dll
 0000:00000000       .debug$S                   0000000180000000     sf_runtime:sf_runtime.dll
 0000:00000000       .debug$S                   0000000180000000     sf_runtime:sf_runtime.dll
 0000:00000000       .debug$S                   0000000180000000     sf_runtime:sf_runtime.dll
 0000:00000000       .debug$S                   0000000180000000     sf_runtime:sf_runtime.dll
 0000:00000000       .debug$S                   0000000180000000     sf_runtime:sf_runtime.dll
 0000:00000000       .debug$S                   0000000180000000     sf_runtime:sf_runtime.dll
 0000:00000000       .debug$S                   0000000180000000     sf_runtime:sf_runtime.dll
 0000:00000000       .debug$S                   0000000180000000     sf_runtime:sf_runtime.dll
 0000:00000000       .debug$S                   0000000180000000     sf_runtime:sf_runtime.dll
 0000:00000000       .debug$S                   0000000180000000     sf_runtime:sf_runtime.dll
 0000:00000000       .debug$S                   0000000180000000     sf_runtime:sf_runtime.dll
 0000:00000000       .debug$S                   0000000180000000     sf_runtime:sf_runtime.dll
 0000:00000000       .debug$S                   0000000180000000     sf_runtime:sf_runtime.dll
 0000:00000000       .debug$S                   0000000180000000     sf_runtime:sf_runtime.dll
 0000:00000000       .debug$S                   0000000180000000     sf_runtime:sf_runtime.dll
 0000:00000000       .debug$S                   0000000180000000     sf_runtime:sf_runtime.dll
 0000:00000000       .debug$S                   0000000180000000     sf_runtime:sf_runtime.dll
 0000:00000000       .debug$S                   0000000180000000     sf_runtime:sf_runtime.dll
 0000:00000000       .debug$S                   0000000180000000     sf_runtime:sf_runtime.dll
 0000:00000000       .debug$S                   0000000180000000     sf_runtime:sf_runtime.dll
 0000:00000000       .debug$S                   0000000180000000     sf_runtime:sf_runtime.dll
 0000:00000000       .debug$S                   0000000180000000     sf_runtime:sf_runtime.dll
 0000:00000000       .debug$S                   0000000180000000     sf_runtime:sf_runtime.dll
 0000:00000000       .debug$S                   0000000180000000     sf_runtime:sf_runtime.dll
 0000:00000000       .debug$S                   0000000180000000     sf_runtime:sf_runtime.dll
 0000:00000000       .debug$S                   0000000180000000     sf_runtime:sf_runtime.dll
 0000:00000000       .debug$S                   0000000180000000     sf_runtime:sf_runtime.dll
 0000:00000000       .debug$S                   0000000180000000     sf_runtime:sf_runtime.dll
 0000:00000000       .debug$S                   0000000180000000     sf_runtime:sf_runtime.dll
 0000:00000000       .debug$S                   0000000180000000     sf_runtime:sf_runtime.dll
 0000:00000000       .debug$S                   0000000180000000     sf_runtime:sf_runtime.dll
 0000:00000000       .debug$S                   0000000180000000     sf_runtime:sf_runtime.dll
 0000:00000000       .debug$S                   0000000180000000     sf_runtime:sf_runtime.dll
 0000:00000000       .debug$S                   0000000180000000     sf_runtime:sf_runtime.dll
 0000:00000000       .debug$S                   0000000180000000     sf_runtime:sf_runtime.dll
 0000:00000000       .debug$S                   0000000180000000     sf_runtime:sf_runtime.dll
 0000:00000000       .debug$S                   0000000180000000     sf_runtime:sf_runtime.dll
 0000:00000000       .debug$S                   0000000180000000     sf_runtime:sf_runtime.dll
 0000:00000000       .debug$S                   0000000180000000     sf_runtime:sf_runtime.dll
 0000:00000000       .debug$S                   0000000180000000     sf_runtime:sf_runtime.dll
 0000:00000000       .debug$S                   0000000180000000     sf_runtime:sf_runtime.dll
 0000:00000000       .debug$S                   0000000180000000     sf_runtime:sf_runtime.dll
 0000:00000000       .debug$S                   0000000180000000     sf_runtime:sf_runtime.dll
 0000:00000000       .debug$S                   0000000180000000     sf_runtime:sf_runtime.dll
 0000:00000000       .debug$S                   0000000180000000     sf_runtime:sf_runtime.dll
 0000:00000000       .debug$S                   0000000180000000     sf_runtime:sf_runtime.dll
 0000:fffe1000       _volmd                     0000000180000000     MSVCRT:cpu_disp.obj
 0002:fffea000       __guard_ehcont_?dllmain_dispatch@@YAHQEAUHINSTANCE__@@KQEAX@Z 0000000180000000     MSVCRT:dll_dllmain.obj
 0002:fffea000       __guard_fids_?dllmain_dispatch@@YAHQEAUHINSTANCE__@@KQEAX@Z 0000000180000000     MSVCRT:dll_dllmain.obj
 0000:fffe1000       _volmd                     0000000180000000     MSVCRT:gs_report.obj
 0000:fffe1000       _volmd                     0000000180000000     MSVCRT:gs_report.obj
 0000:fffe1000       _volmd                     0000000180000000     MSVCRT:gs_report.obj
 0002:fffea000       __guard_fids__             0000000180000000     MSVCRT:guard_support.obj
 0002:fffea000       __guard_fids__             0000000180000000     MSVCRT:guard_support.obj
 0002:fffea000       __guard_fids__guard_icall_checks_enforced 0000000180000000     MSVCRT:guard_support.obj
 0000:fffe1000       _volmd                     0000000180000000     MSVCRT:guard_support.obj
 0000:fffe1000       _volmd                     0000000180000000     MSVCRT:guard_support.obj
 0000:fffe1000       _volmd                     0000000180000000     MSVCRT:guard_support.obj
 0000:fffe1000       _volmd                     0000000180000000     MSVCRT:guard_support.obj
 0000:fffe1000       _volmd                     0000000180000000     MSVCRT:guard_support.obj
 0002:fffea000       __guard_ehcont___scrt_is_nonwritable_in_current_image 0000000180000000     MSVCRT:utility.obj
 0000:fffe1000       _volmd                     0000000180000000     MSVCRT:utility.obj
 0000:fffe1000       _volmd                     0000000180000000     MSVCRT:utility.obj
 0000:fffe1000       _volmd                     0000000180000000     MSVCRT:utility.obj
 0002:fffea000       __guard_fids___scrt_set_unhandled_exception_filter 0000000180000000     MSVCRT:utility_desktop.obj
 0000:fffe1000       _volmd                     0000000180000000     MSVCRT:utility_desktop.obj
 0000:00000000       .debug$S                   0000000180000000     vcruntime:VCRUNTIME140.dll
 0000:00000000       .debug$S                   0000000180000000     vcruntime:VCRUNTIME140.dll
[...]
 0003:00001968       _sfcnName                  000000018001a968     Balancing_Logic_sfun_registry.obj
 0003:00001988       $SG26352                   000000018001a988     Balancing_Logic_sfun_registry.obj
 0003:00001990       $SG25947                   000000018001a990     Balancing_Logic_sfun_registry.obj
 0003:00001a08       $SG26353                   000000018001aa08     Balancing_Logic_sfun_registry.obj
 0003:00001a10       $SG26367                   000000018001aa10     Balancing_Logic_sfun_registry.obj
 0003:00001a20       $SG26557                   000000018001aa20     Balancing_Logic_sfun_registry.obj
 0003:00001a60       $SG26558                   000000018001aa60     Balancing_Logic_sfun_registry.obj
 0003:00001a70       $SG26563                   000000018001aa70     Balancing_Logic_sfun_registry.obj
 0003:00001ab8       $SG26564                   000000018001aab8     Balancing_Logic_sfun_registry.obj
 0003:00001ac8       $SG26565                   000000018001aac8     Balancing_Logic_sfun_registry.obj
 0003:00001ad0       $SG26566                   000000018001aad0     Balancing_Logic_sfun_registry.obj
 0003:00001b28       $SG26567                   000000018001ab28     Balancing_Logic_sfun_registry.obj
 0003:00001b38       $SG26568                   000000018001ab38     Balancing_Logic_sfun_registry.obj
 0003:00001b40       $SG26590                   000000018001ab40     Balancing_Logic_sfun_registry.obj
 0003:00001b80       $SG26591                   000000018001ab80     Balancing_Logic_sfun_registry.obj
 0003:00001b90       $SG26592                   000000018001ab90     Balancing_Logic_sfun_registry.obj
 0003:00001b98       $SG26598                   000000018001ab98     Balancing_Logic_sfun_registry.obj
 0003:00001ba0       $SG26596                   000000018001aba0     Balancing_Logic_sfun_registry.obj
 0003:00001be8       $SG26597                   000000018001abe8     Balancing_Logic_sfun_registry.obj
 0003:00001bf8       $SG26601                   000000018001abf8     Balancing_Logic_sfun_registry.obj
 0003:00001c00       $SG26599                   000000018001ac00     Balancing_Logic_sfun_registry.obj
 0003:00001c58       $SG26600                   000000018001ac58     Balancing_Logic_sfun_registry.obj
 0003:00001c68       $SG26627                   000000018001ac68     Balancing_Logic_sfun_registry.obj
 0003:00001c70       $SG26625                   000000018001ac70     Balancing_Logic_sfun_registry.obj
 0003:00001cc0       $SG26626                   000000018001acc0     Balancing_Logic_sfun_registry.obj
 0003:00001cd0       $SG26639                   000000018001acd0     Balancing_Logic_sfun_registry.obj
 0003:00001d30       $SG26640                   000000018001ad30     Balancing_Logic_sfun_registry.obj
 0003:00001d38       $SG26641                   000000018001ad38     Balancing_Logic_sfun_registry.obj
 0003:00001d40       $SG26653                   000000018001ad40     Balancing_Logic_sfun_registry.obj
 0003:00001da0       $SG26654                   000000018001ada0     Balancing_Logic_sfun_registry.obj
 0003:00001da8       $SG26655                   000000018001ada8     Balancing_Logic_sfun_registry.obj
 0003:00001db0       $SG26995                   000000018001adb0     Balancing_Logic_sfun_registry.obj
 0003:00001e28       $SG27617                   000000018001ae28     Balancing_Logic_sfun_registry.obj
 0003:00001e40       $SG26998                   000000018001ae40     Balancing_Logic_sfun_registry.obj
 0003:00001eb4       $SG27688                   000000018001aeb4     Balancing_Logic_sfun_registry.obj
 0003:00001ec0       $SG27003                   000000018001aec0     Balancing_Logic_sfun_registry.obj
 0003:00001f38       $SG27689                   000000018001af38     Balancing_Logic_sfun_registry.obj
 0003:00001f40       $SG27011                   000000018001af40     Balancing_Logic_sfun_registry.obj
 0003:00001fb0       $SG27286                   000000018001afb0     Balancing_Logic_sfun_registry.obj
 0003:00002028       $SG27690                   000000018001b028     Balancing_Logic_sfun_registry.obj
 0003:00002030       $SG27291                   000000018001b030     Balancing_Logic_sfun_registry.obj
 0003:000020a8       $SG27696                   000000018001b0a8     Balancing_Logic_sfun_registry.obj
 0003:000020b0       $SG27630                   000000018001b0b0     Balancing_Logic_sfun_registry.obj
 0003:00002128       $SG27699                   000000018001b128     Balancing_Logic_sfun_registry.obj
 0003:00002130       $SG27691                   000000018001b130     Balancing_Logic_sfun_registry.obj
 0003:000021a8       $SG27702                   000000018001b1a8     Balancing_Logic_sfun_registry.obj
 0003:000021b0       $SG27693                   000000018001b1b0     Balancing_Logic_sfun_registry.obj
 0003:00002230       $SG27703                   000000018001b230     Balancing_Logic_sfun_registry.obj
 0003:000022b0       $SG27704                   000000018001b2b0     Balancing_Logic_sfun_registry.obj
 0003:000022c0       $SG27706                   000000018001b2c0     Balancing_Logic_sfun_registry.obj
 0003:000022cc       $SG27708                   000000018001b2cc     Balancing_Logic_sfun_registry.obj
 0003:000022d4       $SG27710                   000000018001b2d4     Balancing_Logic_sfun_registry.obj
 0003:000022e0       $SG27712                   000000018001b2e0     Balancing_Logic_sfun_registry.obj
 0003:000022f0       $SG27717                   000000018001b2f0     Balancing_Logic_sfun_registry.obj
 0003:000023d8       $SG27835                   000000018001b3d8     Balancing_Logic_sfun_registry.obj
 0003:00002408       $SG27836                   000000018001b408     Balancing_Logic_sfun_registry.obj
 0003:00002418       $SG27837                   000000018001b418     Balancing_Logic_sfun_registry.obj
 0003:00002420       $SG27839                   000000018001b420     Balancing_Logic_sfun_registry.obj
 0003:00002458       $SG27840                   000000018001b458     Balancing_Logic_sfun_registry.obj
 0003:00002468       $SG27841                   000000018001b468     Balancing_Logic_sfun_registry.obj
 0003:00002470       $SG27844                   000000018001b470     Balancing_Logic_sfun_registry.obj
 0003:000024a8       $SG27845                   000000018001b4a8     Balancing_Logic_sfun_registry.obj
 0003:000024b8       $SG27846                   000000018001b4b8     Balancing_Logic_sfun_registry.obj
 0003:000024c0       $SG27848                   000000018001b4c0     Balancing_Logic_sfun_registry.obj
 0003:000024f8       $SG27849                   000000018001b4f8     Balancing_Logic_sfun_registry.obj
 0003:00002508       $SG27850                   000000018001b508     Balancing_Logic_sfun_registry.obj
 0003:00002510       $SG27852                   000000018001b510     Balancing_Logic_sfun_registry.obj
 0003:00002548       $SG27853                   000000018001b548     Balancing_Logic_sfun_registry.obj
 0003:00002558       $SG27854                   000000018001b558     Balancing_Logic_sfun_registry.obj
 0003:00002560       $SG27857                   000000018001b560     Balancing_Logic_sfun_registry.obj
 0003:00002568       $SG27859                   000000018001b568     Balancing_Logic_sfun_registry.obj
 0003:00002580       $SG27860                   000000018001b580     Balancing_Logic_sfun_registry.obj
 0003:000025b8       $SG27861                   000000018001b5b8     Balancing_Logic_sfun_registry.obj
 0003:000025c8       $SG27862                   000000018001b5c8     Balancing_Logic_sfun_registry.obj
 0003:000025d0       $SG28032                   000000018001b5d0     Balancing_Logic_sfun_registry.obj
 0003:000025f0       $SG28033                   000000018001b5f0     Balancing_Logic_sfun_registry.obj
 0003:00002680       $SG28039                   000000018001b680     Balancing_Logic_sfun_registry.obj
 0003:00002698       $SG28046                   000000018001b698     Balancing_Logic_sfun_registry.obj
 0003:000026b0       $SG28040                   000000018001b6b0     Balancing_Logic_sfun_registry.obj
 0003:00002740       $SG28047                   000000018001b740     Balancing_Logic_sfun_registry.obj
 0003:000027d0       $SG28053                   000000018001b7d0     Balancing_Logic_sfun_registry.obj
 0003:000027f0       $SG28054                   000000018001b7f0     Balancing_Logic_sfun_registry.obj
 0003:00002880       $SG28060                   000000018001b880     Balancing_Logic_sfun_registry.obj
 0003:000028a0       $SG28061                   000000018001b8a0     Balancing_Logic_sfun_registry.obj
 0003:00002930       $SG28065                   000000018001b930     Balancing_Logic_sfun_registry.obj
 0003:00002950       $SG28066                   000000018001b950     Balancing_Logic_sfun_registry.obj
 0003:000029e0       $SG28070                   000000018001b9e0     Balancing_Logic_sfun_registry.obj
 0003:00002a08       $SG28075                   000000018001ba08     Balancing_Logic_sfun_registry.obj
 0003:00002a30       $SG28071                   000000018001ba30     Balancing_Logic_sfun_registry.obj
 0003:00002ac0       $SG28076                   000000018001bac0     Balancing_Logic_sfun_registry.obj
 0003:00002b50       $SG28080                   000000018001bb50     Balancing_Logic_sfun_registry.obj
 0003:00002b70       $SG28081                   000000018001bb70     Balancing_Logic_sfun_registry.obj
 0003:00002c00       $SG28085                   000000018001bc00     Balancing_Logic_sfun_registry.obj
 0003:00002c20       $SG28086                   000000018001bc20     Balancing_Logic_sfun_registry.obj
 0003:00002cb0       $SG28090                   000000018001bcb0     Balancing_Logic_sfun_registry.obj
 0003:00002cc8       $SG28126                   000000018001bcc8     Balancing_Logic_sfun_registry.obj
 0003:00002ce0       $SG28091                   000000018001bce0     Balancing_Logic_sfun_registry.obj
 0003:00002d70       $SG28095                   000000018001bd70     Balancing_Logic_sfun_registry.obj
 0003:00002d90       $SG28096                   000000018001bd90     Balancing_Logic_sfun_registry.obj
 0003:00002e20       $SG28100                   000000018001be20     Balancing_Logic_sfun_registry.obj
 0003:00002e40       $SG28101                   000000018001be40     Balancing_Logic_sfun_registry.obj
 0003:00002ed0       $SG28105                   000000018001bed0     Balancing_Logic_sfun_registry.obj
 0003:00002ef0       $SG28106                   000000018001bef0     Balancing_Logic_sfun_registry.obj
 0003:00002f80       $SG28110                   000000018001bf80     Balancing_Logic_sfun_registry.obj
 0003:00002fa0       $SG28111                   000000018001bfa0     Balancing_Logic_sfun_registry.obj
 0003:00003030       $SG28115                   000000018001c030     Balancing_Logic_sfun_registry.obj
 0003:00003050       $SG28116                   000000018001c050     Balancing_Logic_sfun_registry.obj
 0003:000030e0       $SG28120                   000000018001c0e0     Balancing_Logic_sfun_registry.obj
 0003:00003100       $SG28121                   000000018001c100     Balancing_Logic_sfun_registry.obj
 0003:00003190       $SG28127                   000000018001c190     Balancing_Logic_sfun_registry.obj
 0003:00003220       $SG28132                   000000018001c220     Balancing_Logic_sfun_registry.obj
 0003:00003228       $SG28137                   000000018001c228     Balancing_Logic_sfun_registry.obj
 0003:00003240       $SG28133                   000000018001c240     Balancing_Logic_sfun_registry.obj
 0003:000032d0       $SG28138                   000000018001c2d0     Balancing_Logic_sfun_registry.obj
 0003:00003360       $SG28142                   000000018001c360     Balancing_Logic_sfun_registry.obj
 0003:00003370       $SG28143                   000000018001c370     Balancing_Logic_sfun_registry.obj
 0003:00003400       $SG28147                   000000018001c400     Balancing_Logic_sfun_registry.obj
 0003:00003420       $SG28148                   000000018001c420     Balancing_Logic_sfun_registry.obj
 0003:000034b0       $SG28152                   000000018001c4b0     Balancing_Logic_sfun_registry.obj
 0003:000034d0       $SG28153                   000000018001c4d0     Balancing_Logic_sfun_registry.obj
 0003:00003560       $SG28157                   000000018001c560     Balancing_Logic_sfun_registry.obj
 0003:00003570       $SG28158                   000000018001c570     Balancing_Logic_sfun_registry.obj
 0003:00003600       $SG28162                   000000018001c600     Balancing_Logic_sfun_registry.obj
 0003:00003610       $SG28163                   000000018001c610     Balancing_Logic_sfun_registry.obj
 0003:000036a0       $SG28167                   000000018001c6a0     Balancing_Logic_sfun_registry.obj
 0003:000036b8       $SG28172                   000000018001c6b8     Balancing_Logic_sfun_registry.obj
 0003:000036d0       $SG28168                   000000018001c6d0     Balancing_Logic_sfun_registry.obj
 0003:00003760       $SG28173                   000000018001c760     Balancing_Logic_sfun_registry.obj
 0003:000037f0       $SG28177                   000000018001c7f0     Balancing_Logic_sfun_registry.obj
 0003:00003800       $SG28178                   000000018001c800     Balancing_Logic_sfun_registry.obj
 0003:00003890       $SG28186                   000000018001c890     Balancing_Logic_sfun_registry.obj
 0003:000038a0       $SG28187                   000000018001c8a0     Balancing_Logic_sfun_registry.obj
 0003:00003930       $SG28193                   000000018001c930     Balancing_Logic_sfun_registry.obj
 0003:00003940       $SG28194                   000000018001c940     Balancing_Logic_sfun_registry.obj
 0003:000039d0       $SG28198                   000000018001c9d0     Balancing_Logic_sfun_registry.obj
 0003:000039e0       $SG28199                   000000018001c9e0     Balancing_Logic_sfun_registry.obj
 0003:00003a70       $SG28204                   000000018001ca70     Balancing_Logic_sfun_registry.obj
 0003:00003a80       $SG28205                   000000018001ca80     Balancing_Logic_sfun_registry.obj
 0003:00003b10       $SG28209                   000000018001cb10     Balancing_Logic_sfun_registry.obj
 0003:00003b88       $SG28252                   000000018001cb88     Balancing_Logic_sfun_registry.obj
 0003:00003ba0       $SG28239                   000000018001cba0     Balancing_Logic_sfun_registry.obj
 0003:00003cb8       $SG28263                   000000018001ccb8     Balancing_Logic_sfun_registry.obj
 0003:00003cc8       $SG28276                   000000018001ccc8     Balancing_Logic_sfun_registry.obj
 0003:00003cd8       $SG28287                   000000018001ccd8     Balancing_Logic_sfun_registry.obj
 0003:00003ce8       $SG28300                   000000018001cce8     Balancing_Logic_sfun_registry.obj
 0003:00003cf8       $SG28311                   000000018001ccf8     Balancing_Logic_sfun_registry.obj
 0003:00003d08       $SG28321                   000000018001cd08     Balancing_Logic_sfun_registry.obj
 0003:00003d70       sRtwOptimizationInfoStruct 000000018001cd70     Balancing_Logic_sfun.obj
 0003:00003d78       sOptimizationInfoFlags     000000018001cd78     Balancing_Logic_sfun.obj
 0003:00003d80       sfCAPIsampleTimeZero       000000018001cd80     c1_Balancing_Logic.obj
 0003:00003d88       _sfTime_                   000000018001cd88     c1_Balancing_Logic.obj
 0003:00003d90       $SG26637                   000000018001cd90     c1_Balancing_Logic.obj
 0003:00003d91       $SG26638                   000000018001cd91     c1_Balancing_Logic.obj
 0003:00003d92       $SG26639                   000000018001cd92     c1_Balancing_Logic.obj
 0003:00003d93       $SG26640                   000000018001cd93     c1_Balancing_Logic.obj
 0003:00003d94       $SG26641                   000000018001cd94     c1_Balancing_Logic.obj
 0003:00003d95       $SG26642                   000000018001cd95     c1_Balancing_Logic.obj
 0003:00003d96       $SG26643                   000000018001cd96     c1_Balancing_Logic.obj
 0003:00003d97       $SG26644                   000000018001cd97     c1_Balancing_Logic.obj
 0003:00003d98       $SG26645                   000000018001cd98     c1_Balancing_Logic.obj
 0003:00003d99       $SG26849                   000000018001cd99     c1_Balancing_Logic.obj
 0003:00003d9a       $SG26850                   000000018001cd9a     c1_Balancing_Logic.obj
 0003:00003d9b       $SG26852                   000000018001cd9b     c1_Balancing_Logic.obj
 0003:00003d9c       $SG26854                   000000018001cd9c     c1_Balancing_Logic.obj
 0003:00003d9d       $SG26857                   000000018001cd9d     c1_Balancing_Logic.obj
 0003:00003d9e       $SG26859                   000000018001cd9e     c1_Balancing_Logic.obj
 0003:00003d9f       $SG26867                   000000018001cd9f     c1_Balancing_Logic.obj
 0003:00003da0       $SG26875                   000000018001cda0     c1_Balancing_Logic.obj
 0003:00003da1       $SG26880                   000000018001cda1     c1_Balancing_Logic.obj
 0003:00003da2       $SG26885                   000000018001cda2     c1_Balancing_Logic.obj
 0003:00003da3       $SG26888                   000000018001cda3     c1_Balancing_Logic.obj
 0003:00003da4       $SG26889                   000000018001cda4     c1_Balancing_Logic.obj
 0003:00003da5       $SG26891                   000000018001cda5     c1_Balancing_Logic.obj
 0003:00003da6       $SG26894                   000000018001cda6     c1_Balancing_Logic.obj
 0003:00003da7       $SG26895                   000000018001cda7     c1_Balancing_Logic.obj
 0003:00003da8       $SG26897                   000000018001cda8     c1_Balancing_Logic.obj
 0003:00003da9       $SG26900                   000000018001cda9     c1_Balancing_Logic.obj
 0003:00003daa       $SG26901                   000000018001cdaa     c1_Balancing_Logic.obj
 0003:00003dab       $SG27076                   000000018001cdab     c1_Balancing_Logic.obj
 0003:00003dac       $SG27321                   000000018001cdac     c1_Balancing_Logic.obj
 0003:00003dad       $SG27324                   000000018001cdad     c1_Balancing_Logic.obj
 0003:00003dae       $SG27327                   000000018001cdae     c1_Balancing_Logic.obj
 0003:00003daf       $SG27492                   000000018001cdaf     c1_Balancing_Logic.obj
 0003:00003db0       $SG27493                   000000018001cdb0     c1_Balancing_Logic.obj
 0003:00003db1       $SG27670                   000000018001cdb1     c1_Balancing_Logic.obj
 0003:00003db2       $SG27761                   000000018001cdb2     c1_Balancing_Logic.obj
 0003:00003dc0       ?newstr@?1??sf_c1_Balancing_Logic_get_post_codegen_info@@9@9 000000018001cdc0     c1_Balancing_Logic.obj
 0003:00004690       sfGlobalMdlStartCallCounts 000000018001d690     Balancing_Logic_sfun_registry.obj
 0003:00004694       $SG27684                   000000018001d694     Balancing_Logic_sfun_registry.obj
 0003:000046a0       GS_ExceptionRecord         000000018001d6a0     MSVCRT:gs_report.obj
 0003:00004740       GS_ContextRecord           000000018001d740     MSVCRT:gs_report.obj
 0003:00004c10       ?__proc_attached@@3HA      000000018001dc10     MSVCRT:dll_dllmain.obj
 0003:00004c50       ?is_initialized_as_dll@@3_NA 000000018001dc50     MSVCRT:utility.obj
 0003:00004c51       ?module_local_atexit_table_initialized@@3_NA 000000018001dc51     MSVCRT:utility.obj
 0003:00004c58       ?module_local_atexit_table@@3U_onexit_table_t@@A 000000018001dc58     MSVCRT:utility.obj
 0003:00004c70       ?module_local_at_quick_exit_table@@3U_onexit_table_t@@A 000000018001dc70     MSVCRT:utility.obj
